Archive member included to satisfy reference by file (symbol)

/usr/local/Cellar/arm-gcc-bin/9-2020-q2-update/bin/../lib/gcc/arm-none-eabi/9.3.1/../../../../arm-none-eabi/lib/thumb/v7e-m+fp/hard/libc.a(lib_a-exit.o)
                              /usr/local/Cellar/arm-gcc-bin/9-2020-q2-update/bin/../lib/gcc/arm-none-eabi/9.3.1/../../../../arm-none-eabi/lib/thumb/v7e-m+fp/hard/crt0.o (exit)
/usr/local/Cellar/arm-gcc-bin/9-2020-q2-update/bin/../lib/gcc/arm-none-eabi/9.3.1/../../../../arm-none-eabi/lib/thumb/v7e-m+fp/hard/libc.a(lib_a-impure.o)
                              /usr/local/Cellar/arm-gcc-bin/9-2020-q2-update/bin/../lib/gcc/arm-none-eabi/9.3.1/../../../../arm-none-eabi/lib/thumb/v7e-m+fp/hard/libc.a(lib_a-exit.o) (_global_impure_ptr)
/usr/local/Cellar/arm-gcc-bin/9-2020-q2-update/bin/../lib/gcc/arm-none-eabi/9.3.1/../../../../arm-none-eabi/lib/thumb/v7e-m+fp/hard/libc.a(lib_a-init.o)
                              /usr/local/Cellar/arm-gcc-bin/9-2020-q2-update/bin/../lib/gcc/arm-none-eabi/9.3.1/../../../../arm-none-eabi/lib/thumb/v7e-m+fp/hard/crt0.o (__libc_init_array)
/usr/local/Cellar/arm-gcc-bin/9-2020-q2-update/bin/../lib/gcc/arm-none-eabi/9.3.1/../../../../arm-none-eabi/lib/thumb/v7e-m+fp/hard/libc.a(lib_a-memset.o)
                              /usr/local/Cellar/arm-gcc-bin/9-2020-q2-update/bin/../lib/gcc/arm-none-eabi/9.3.1/../../../../arm-none-eabi/lib/thumb/v7e-m+fp/hard/crt0.o (memset)
/usr/local/Cellar/arm-gcc-bin/9-2020-q2-update/bin/../lib/gcc/arm-none-eabi/9.3.1/../../../../arm-none-eabi/lib/thumb/v7e-m+fp/hard/libc.a(lib_a-putchar.o)
                              build/main.o (putchar)
/usr/local/Cellar/arm-gcc-bin/9-2020-q2-update/bin/../lib/gcc/arm-none-eabi/9.3.1/../../../../arm-none-eabi/lib/thumb/v7e-m+fp/hard/libc.a(lib_a-__call_atexit.o)
                              /usr/local/Cellar/arm-gcc-bin/9-2020-q2-update/bin/../lib/gcc/arm-none-eabi/9.3.1/../../../../arm-none-eabi/lib/thumb/v7e-m+fp/hard/libc.a(lib_a-exit.o) (__call_exitprocs)
/usr/local/Cellar/arm-gcc-bin/9-2020-q2-update/bin/../lib/gcc/arm-none-eabi/9.3.1/../../../../arm-none-eabi/lib/thumb/v7e-m+fp/hard/libc.a(lib_a-atexit.o)
                              /usr/local/Cellar/arm-gcc-bin/9-2020-q2-update/bin/../lib/gcc/arm-none-eabi/9.3.1/../../../../arm-none-eabi/lib/thumb/v7e-m+fp/hard/libc.a(lib_a-__call_atexit.o) (atexit)
/usr/local/Cellar/arm-gcc-bin/9-2020-q2-update/bin/../lib/gcc/arm-none-eabi/9.3.1/../../../../arm-none-eabi/lib/thumb/v7e-m+fp/hard/libc.a(lib_a-fini.o)
                              /usr/local/Cellar/arm-gcc-bin/9-2020-q2-update/bin/../lib/gcc/arm-none-eabi/9.3.1/../../../../arm-none-eabi/lib/thumb/v7e-m+fp/hard/libc.a(lib_a-__call_atexit.o) (__libc_fini_array)
/usr/local/Cellar/arm-gcc-bin/9-2020-q2-update/bin/../lib/gcc/arm-none-eabi/9.3.1/../../../../arm-none-eabi/lib/thumb/v7e-m+fp/hard/libc.a(lib_a-lock.o)
                              /usr/local/Cellar/arm-gcc-bin/9-2020-q2-update/bin/../lib/gcc/arm-none-eabi/9.3.1/../../../../arm-none-eabi/lib/thumb/v7e-m+fp/hard/libc.a(lib_a-__call_atexit.o) (__retarget_lock_acquire_recursive)
/usr/local/Cellar/arm-gcc-bin/9-2020-q2-update/bin/../lib/gcc/arm-none-eabi/9.3.1/../../../../arm-none-eabi/lib/thumb/v7e-m+fp/hard/libc.a(lib_a-putc.o)
                              /usr/local/Cellar/arm-gcc-bin/9-2020-q2-update/bin/../lib/gcc/arm-none-eabi/9.3.1/../../../../arm-none-eabi/lib/thumb/v7e-m+fp/hard/libc.a(lib_a-putchar.o) (_putc_r)
/usr/local/Cellar/arm-gcc-bin/9-2020-q2-update/bin/../lib/gcc/arm-none-eabi/9.3.1/../../../../arm-none-eabi/lib/thumb/v7e-m+fp/hard/libc.a(lib_a-wbuf.o)
                              /usr/local/Cellar/arm-gcc-bin/9-2020-q2-update/bin/../lib/gcc/arm-none-eabi/9.3.1/../../../../arm-none-eabi/lib/thumb/v7e-m+fp/hard/libc.a(lib_a-putc.o) (__swbuf_r)
/usr/local/Cellar/arm-gcc-bin/9-2020-q2-update/bin/../lib/gcc/arm-none-eabi/9.3.1/../../../../arm-none-eabi/lib/thumb/v7e-m+fp/hard/libc.a(lib_a-wsetup.o)
                              /usr/local/Cellar/arm-gcc-bin/9-2020-q2-update/bin/../lib/gcc/arm-none-eabi/9.3.1/../../../../arm-none-eabi/lib/thumb/v7e-m+fp/hard/libc.a(lib_a-wbuf.o) (__swsetup_r)
/usr/local/Cellar/arm-gcc-bin/9-2020-q2-update/bin/../lib/gcc/arm-none-eabi/9.3.1/../../../../arm-none-eabi/lib/thumb/v7e-m+fp/hard/libc.a(lib_a-__atexit.o)
                              /usr/local/Cellar/arm-gcc-bin/9-2020-q2-update/bin/../lib/gcc/arm-none-eabi/9.3.1/../../../../arm-none-eabi/lib/thumb/v7e-m+fp/hard/libc.a(lib_a-atexit.o) (__register_exitproc)
/usr/local/Cellar/arm-gcc-bin/9-2020-q2-update/bin/../lib/gcc/arm-none-eabi/9.3.1/../../../../arm-none-eabi/lib/thumb/v7e-m+fp/hard/libc.a(lib_a-fflush.o)
                              /usr/local/Cellar/arm-gcc-bin/9-2020-q2-update/bin/../lib/gcc/arm-none-eabi/9.3.1/../../../../arm-none-eabi/lib/thumb/v7e-m+fp/hard/libc.a(lib_a-wbuf.o) (_fflush_r)
[...]
Memory Configuration

Name             Origin             Length             Attributes
RAM              0x0000000020000000 0x0000000000004000 xrw
FLASH            0x0000000008000000 0x0000000000010000 xr
*default*        0x0000000000000000 0xffffffffffffffff

Linker script and memory map

LOAD /usr/local/Cellar/arm-gcc-bin/9-2020-q2-update/bin/../lib/gcc/arm-none-eabi/9.3.1/thumb/v7e-m+fp/hard/crti.o
LOAD /usr/local/Cellar/arm-gcc-bin/9-2020-q2-update/bin/../lib/gcc/arm-none-eabi/9.3.1/thumb/v7e-m+fp/hard/crtbegin.o
LOAD /usr/local/Cellar/arm-gcc-bin/9-2020-q2-update/bin/../lib/gcc/arm-none-eabi/9.3.1/../../../../arm-none-eabi/lib/thumb/v7e-m+fp/hard/crt0.o
LOAD build/gpio.o
LOAD build/main.o
LOAD build/stm32f3xx_hal_msp.o
LOAD build/stm32f3xx_it.o
LOAD build/system_stm32f3xx.o
LOAD build/usart.o
LOAD build/stm32f3xx_hal.o
LOAD build/stm32f3xx_hal_cortex.o
LOAD build/stm32f3xx_hal_dma.o
LOAD build/stm32f3xx_hal_exti.o
LOAD build/stm32f3xx_hal_flash.o
LOAD build/stm32f3xx_hal_flash_ex.o
LOAD build/stm32f3xx_hal_gpio.o
LOAD build/stm32f3xx_hal_i2c.o
LOAD build/stm32f3xx_hal_i2c_ex.o
LOAD build/stm32f3xx_hal_pwr.o
LOAD build/stm32f3xx_hal_pwr_ex.o
LOAD build/stm32f3xx_hal_rcc.o
LOAD build/stm32f3xx_hal_rcc_ex.o
LOAD build/stm32f3xx_hal_tim.o
LOAD build/stm32f3xx_hal_tim_ex.o
LOAD build/stm32f3xx_hal_uart.o
LOAD build/stm32f3xx_hal_uart_ex.o
LOAD build/startup_stm32f302x8.o
LOAD /usr/local/Cellar/arm-gcc-bin/9-2020-q2-update/bin/../lib/gcc/arm-none-eabi/9.3.1/../../../../arm-none-eabi/lib/thumb/v7e-m+fp/hard/libc.a
LOAD /usr/local/Cellar/arm-gcc-bin/9-2020-q2-update/bin/../lib/gcc/arm-none-eabi/9.3.1/../../../../arm-none-eabi/lib/thumb/v7e-m+fp/hard/libm.a
LOAD /usr/local/Cellar/arm-gcc-bin/9-2020-q2-update/bin/../lib/gcc/arm-none-eabi/9.3.1/../../../../arm-none-eabi/lib/thumb/v7e-m+fp/hard/libnosys.a
START GROUP
LOAD /usr/local/Cellar/arm-gcc-bin/9-2020-q2-update/bin/../lib/gcc/arm-none-eabi/9.3.1/thumb/v7e-m+fp/hard/libgcc.a
LOAD /usr/local/Cellar/arm-gcc-bin/9-2020-q2-update/bin/../lib/gcc/arm-none-eabi/9.3.1/../../../../arm-none-eabi/lib/thumb/v7e-m+fp/hard/libc.a
END GROUP
START GROUP
LOAD /usr/local/Cellar/arm-gcc-bin/9-2020-q2-update/bin/../lib/gcc/arm-none-eabi/9.3.1/thumb/v7e-m+fp/hard/libgcc.a
LOAD /usr/local/Cellar/arm-gcc-bin/9-2020-q2-update/bin/../lib/gcc/arm-none-eabi/9.3.1/../../../../arm-none-eabi/lib/thumb/v7e-m+fp/hard/libc.a
LOAD /usr/local/Cellar/arm-gcc-bin/9-2020-q2-update/bin/../lib/gcc/arm-none-eabi/9.3.1/../../../../arm-none-eabi/lib/thumb/v7e-m+fp/hard/libnosys.a
END GROUP
LOAD /usr/local/Cellar/arm-gcc-bin/9-2020-q2-update/bin/../lib/gcc/arm-none-eabi/9.3.1/thumb/v7e-m+fp/hard/crtend.o
LOAD /usr/local/Cellar/arm-gcc-bin/9-2020-q2-update/bin/../lib/gcc/arm-none-eabi/9.3.1/thumb/v7e-m+fp/hard/crtn.o
                0x0000000020004000                _estack = 0x20004000
                0x0000000000000200                _Min_Heap_Size = 0x200
                0x0000000000000400                _Min_Stack_Size = 0x400

.isr_vector     0x0000000008000000      0x188
                0x0000000008000000                . = ALIGN (0x4)
 *(.isr_vector)
 .isr_vector    0x0000000008000000      0x188 build/startup_stm32f302x8.o
                0x0000000008000000                g_pfnVectors
                0x0000000008000188                . = ALIGN (0x4)

.text           0x0000000008000188     0x24fc
                0x0000000008000188                . = ALIGN (0x4)
 *(.text)
 .text          0x0000000008000188       0x40 /usr/local/Cellar/arm-gcc-bin/9-2020-q2-update/bin/../lib/gcc/arm-none-eabi/9.3.1/thumb/v7e-m+fp/hard/crtbegin.o
 *(.text*)
 .text.MX_GPIO_Init
                0x00000000080001c8       0xa4 build/gpio.o
                0x00000000080001c8                MX_GPIO_Init
 .text.SystemClock_Config
                0x000000000800026c       0x50 build/main.o
                0x000000000800026c                SystemClock_Config
 .text.main     0x00000000080002bc       0x1a build/main.o
                0x00000000080002bc                main
 .text.Error_Handler
                0x00000000080002d6        0x2 build/main.o
                0x00000000080002d6                Error_Handler
 .text.HAL_MspInit
                0x00000000080002d8       0x3c build/stm32f3xx_hal_msp.o
                0x00000000080002d8                HAL_MspInit
 .text.NMI_Handler
                0x0000000008000314        0x2 build/stm32f3xx_it.o
                0x0000000008000314                NMI_Handler
 .text.HardFault_Handler
                0x0000000008000316        0x2 build/stm32f3xx_it.o
                0x0000000008000316                HardFault_Handler
 .text.MemManage_Handler
                0x0000000008000318        0x2 build/stm32f3xx_it.o
                0x0000000008000318                MemManage_Handler
 .text.BusFault_Handler
                0x000000000800031a        0x2 build/stm32f3xx_it.o
                0x000000000800031a                BusFault_Handler
 .text.UsageFault_Handler
                0x000000000800031c        0x2 build/stm32f3xx_it.o
                0x000000000800031c                UsageFault_Handler
 .text.SVC_Handler
                0x000000000800031e        0x2 build/stm32f3xx_it.o
                0x000000000800031e                SVC_Handler
 .text.DebugMon_Handler
                0x0000000008000320        0x2 build/stm32f3xx_it.o
                0x0000000008000320                DebugMon_Handler
 .text.PendSV_Handler
                0x0000000008000322        0x2 build/stm32f3xx_it.o
                0x0000000008000322                PendSV_Handler
 .text.SysTick_Handler
                0x0000000008000324        0x8 build/stm32f3xx_it.o
                0x0000000008000324                SysTick_Handler
 .text.SystemInit
                0x000000000800032c       0x1c build/system_stm32f3xx.o
                0x000000000800032c                SystemInit
 .text.MX_USART2_UART_Init
                0x0000000008000348       0x38 build/usart.o
                0x0000000008000348                MX_USART2_UART_Init
 .text.HAL_UART_MspInit
                0x0000000008000380       0x68 build/usart.o
                0x0000000008000380                HAL_UART_MspInit
 .text.HAL_InitTick
                0x00000000080003e8       0x4c build/stm32f3xx_hal.o
                0x00000000080003e8                HAL_InitTick
 .text.HAL_Init
                0x0000000008000434       0x24 build/stm32f3xx_hal.o
                0x0000000008000434                HAL_Init
 .text.HAL_IncTick
                0x0000000008000458       0x18 build/stm32f3xx_hal.o
                0x0000000008000458                HAL_IncTick
 .text.HAL_GetTick
                0x0000000008000470        0xc build/stm32f3xx_hal.o
                0x0000000008000470                HAL_GetTick
 .text.HAL_NVIC_SetPriorityGrouping
                0x000000000800047c       0x24 build/stm32f3xx_hal_cortex.o
                0x000000000800047c                HAL_NVIC_SetPriorityGrouping
 .text.HAL_NVIC_SetPriority
                0x00000000080004a0       0x68 build/stm32f3xx_hal_cortex.o
                0x00000000080004a0                HAL_NVIC_SetPriority
 .text.HAL_SYSTICK_Config
                0x0000000008000508       0x2c build/stm32f3xx_hal_cortex.o
                0x0000000008000508                HAL_SYSTICK_Config
 .text.HAL_GPIO_Init
                0x0000000008000534      0x188 build/stm32f3xx_hal_gpio.o
                0x0000000008000534                HAL_GPIO_Init
 .text.HAL_GPIO_WritePin
                0x00000000080006bc        0xa build/stm32f3xx_hal_gpio.o
                0x00000000080006bc                HAL_GPIO_WritePin
 *fill*         0x00000000080006c6        0x2 
 .text.HAL_RCC_OscConfig
                0x00000000080006c8      0x634 build/stm32f3xx_hal_rcc.o
                0x00000000080006c8                HAL_RCC_OscConfig
 .text.HAL_RCC_GetSysClockFreq
                0x0000000008000cfc       0x70 build/stm32f3xx_hal_rcc.o
                0x0000000008000cfc                HAL_RCC_GetSysClockFreq
 .text.HAL_RCC_ClockConfig
                0x0000000008000d6c      0x1a8 build/stm32f3xx_hal_rcc.o
                0x0000000008000d6c                HAL_RCC_ClockConfig
 .text.HAL_RCC_GetHCLKFreq
                0x0000000008000f14        0xc build/stm32f3xx_hal_rcc.o
                0x0000000008000f14                HAL_RCC_GetHCLKFreq
 .text.HAL_RCC_GetPCLK1Freq
                0x0000000008000f20       0x2c build/stm32f3xx_hal_rcc.o
                0x0000000008000f20                HAL_RCC_GetPCLK1Freq
 .text.HAL_RCC_GetPCLK2Freq
                0x0000000008000f4c       0x2c build/stm32f3xx_hal_rcc.o
                0x0000000008000f4c                HAL_RCC_GetPCLK2Freq
 .text.UART_SetConfig
                0x0000000008000f78      0x1d8 build/stm32f3xx_hal_uart.o
                0x0000000008000f78                UART_SetConfig
 .text.UART_AdvFeatureConfig
                0x0000000008001150       0xca build/stm32f3xx_hal_uart.o
                0x0000000008001150                UART_AdvFeatureConfig
 .text.UART_WaitOnFlagUntilTimeout
                0x000000000800121a       0xa2 build/stm32f3xx_hal_uart.o
                0x000000000800121a                UART_WaitOnFlagUntilTimeout
 .text.UART_CheckIdleState
                0x00000000080012bc       0x6c build/stm32f3xx_hal_uart.o
                0x00000000080012bc                UART_CheckIdleState
 .text.HAL_UART_Init
                0x0000000008001328       0x62 build/stm32f3xx_hal_uart.o
                0x0000000008001328                HAL_UART_Init
 *fill*         0x000000000800138a        0x2 
 .text.Reset_Handler
                0x000000000800138c       0x50 build/startup_stm32f302x8.o
                0x000000000800138c                Reset_Handler
 .text.Default_Handler
                0x00000000080013dc        0x2 build/startup_stm32f302x8.o
                0x00000000080013dc                TIM1_BRK_TIM15_IRQHandler
                0x00000000080013dc                TIM1_CC_IRQHandler
                0x00000000080013dc                USB_HP_IRQHandler
                0x00000000080013dc                PVD_IRQHandler
                0x00000000080013dc                TAMP_STAMP_IRQHandler
                0x00000000080013dc                EXTI3_IRQHandler
                0x00000000080013dc                I2C3_ER_IRQHandler
                0x00000000080013dc                USB_HP_CAN_TX_IRQHandler
                0x00000000080013dc                EXTI0_IRQHandler
                0x00000000080013dc                I2C2_EV_IRQHandler
                0x00000000080013dc                FPU_IRQHandler
                0x00000000080013dc                TIM1_UP_TIM16_IRQHandler
                0x00000000080013dc                CAN_SCE_IRQHandler
                0x00000000080013dc                TIM6_DAC_IRQHandler
                0x00000000080013dc                DMA1_Channel4_IRQHandler
                0x00000000080013dc                ADC1_IRQHandler
                0x00000000080013dc                USART3_IRQHandler
                0x00000000080013dc                DMA1_Channel7_IRQHandler
                0x00000000080013dc                CAN_RX1_IRQHandler
                0x00000000080013dc                I2C1_EV_IRQHandler
                0x00000000080013dc                DMA1_Channel6_IRQHandler
                0x00000000080013dc                RCC_IRQHandler
                0x00000000080013dc                DMA1_Channel1_IRQHandler
                0x00000000080013dc                Default_Handler
                0x00000000080013dc                USBWakeUp_RMP_IRQHandler
                0x00000000080013dc                EXTI15_10_IRQHandler
                0x00000000080013dc                COMP2_IRQHandler
                0x00000000080013dc                I2C3_EV_IRQHandler
                0x00000000080013dc                EXTI9_5_IRQHandler
                0x00000000080013dc                RTC_WKUP_IRQHandler
                0x00000000080013dc                SPI2_IRQHandler
                0x00000000080013dc                USB_LP_CAN_RX0_IRQHandler
                0x00000000080013dc                DMA1_Channel5_IRQHandler
                0x00000000080013dc                USB_LP_IRQHandler
                0x00000000080013dc                EXTI4_IRQHandler
                0x00000000080013dc                TIM1_TRG_COM_TIM17_IRQHandler
                0x00000000080013dc                DMA1_Channel3_IRQHandler
                0x00000000080013dc                WWDG_IRQHandler
                0x00000000080013dc                TIM2_IRQHandler
                0x00000000080013dc                EXTI1_IRQHandler
                0x00000000080013dc                COMP4_6_IRQHandler
                0x00000000080013dc                USART2_IRQHandler
                0x00000000080013dc                I2C2_ER_IRQHandler
                0x00000000080013dc                DMA1_Channel2_IRQHandler
                0x00000000080013dc                FLASH_IRQHandler
                0x00000000080013dc                USART1_IRQHandler
                0x00000000080013dc                SPI3_IRQHandler
                0x00000000080013dc                I2C1_ER_IRQHandler
                0x00000000080013dc                USBWakeUp_IRQHandler
                0x00000000080013dc                EXTI2_TSC_IRQHandler
                0x00000000080013dc                RTC_Alarm_IRQHandler
 *fill*         0x00000000080013de        0x2 
 .text.__libc_init_array
                0x00000000080013e0       0x48 /usr/local/Cellar/arm-gcc-bin/9-2020-q2-update/bin/../lib/gcc/arm-none-eabi/9.3.1/../../../../arm-none-eabi/lib/thumb/v7e-m+fp/hard/libc.a(lib_a-init.o)
                0x00000000080013e0                __libc_init_array
 .text.memset   0x0000000008001428       0xa0 /usr/local/Cellar/arm-gcc-bin/9-2020-q2-update/bin/../lib/gcc/arm-none-eabi/9.3.1/../../../../arm-none-eabi/lib/thumb/v7e-m+fp/hard/libc.a(lib_a-memset.o)
                0x0000000008001428                memset
 .text.putchar  0x00000000080014c8       0x14 /usr/local/Cellar/arm-gcc-bin/9-2020-q2-update/bin/../lib/gcc/arm-none-eabi/9.3.1/../../../../arm-none-eabi/lib/thumb/v7e-m+fp/hard/libc.a(lib_a-putchar.o)
                0x00000000080014c8                putchar
 .text.startup.register_fini
                0x00000000080014dc       0x14 /usr/local/Cellar/arm-gcc-bin/9-2020-q2-update/bin/../lib/gcc/arm-none-eabi/9.3.1/../../../../arm-none-eabi/lib/thumb/v7e-m+fp/hard/libc.a(lib_a-__call_atexit.o)
 .text.atexit   0x00000000080014f0        0xc /usr/local/Cellar/arm-gcc-bin/9-2020-q2-update/bin/../lib/gcc/arm-none-eabi/9.3.1/../../../../arm-none-eabi/lib/thumb/v7e-m+fp/hard/libc.a(lib_a-atexit.o)
                0x00000000080014f0                atexit
 .text.__libc_fini_array
                0x00000000080014fc       0x2c /usr/local/Cellar/arm-gcc-bin/9-2020-q2-update/bin/../lib/gcc/arm-none-eabi/9.3.1/../../../../arm-none-eabi/lib/thumb/v7e-m+fp/hard/libc.a(lib_a-fini.o)
                0x00000000080014fc                __libc_fini_array
 .text.__retarget_lock_init_recursive
                0x0000000008001528        0x4 /usr/local/Cellar/arm-gcc-bin/9-2020-q2-update/bin/../lib/gcc/arm-none-eabi/9.3.1/../../../../arm-none-eabi/lib/thumb/v7e-m+fp/hard/libc.a(lib_a-lock.o)
                0x0000000008001528                __retarget_lock_init_recursive
 .text.__retarget_lock_close_recursive
                0x000000000800152c        0x4 /usr/local/Cellar/arm-gcc-bin/9-2020-q2-update/bin/../lib/gcc/arm-none-eabi/9.3.1/../../../../arm-none-eabi/lib/thumb/v7e-m+fp/hard/libc.a(lib_a-lock.o)
                0x000000000800152c                __retarget_lock_close_recursive
 .text.__retarget_lock_acquire_recursive
                0x0000000008001530        0x4 /usr/local/Cellar/arm-gcc-bin/9-2020-q2-update/bin/../lib/gcc/arm-none-eabi/9.3.1/../../../../arm-none-eabi/lib/thumb/v7e-m+fp/hard/libc.a(lib_a-lock.o)
                0x0000000008001530                __retarget_lock_acquire_recursive
 .text.__retarget_lock_release_recursive
                0x0000000008001534        0x4 /usr/local/Cellar/arm-gcc-bin/9-2020-q2-update/bin/../lib/gcc/arm-none-eabi/9.3.1/../../../../arm-none-eabi/lib/thumb/v7e-m+fp/hard/libc.a(lib_a-lock.o)
                0x0000000008001534                __retarget_lock_release_recursive
 .text._putc_r  0x0000000008001538       0x74 /usr/local/Cellar/arm-gcc-bin/9-2020-q2-update/bin/../lib/gcc/arm-none-eabi/9.3.1/../../../../arm-none-eabi/lib/thumb/v7e-m+fp/hard/libc.a(lib_a-putc.o)
                0x0000000008001538                _putc_r
 .text.__swbuf_r
                0x00000000080015ac       0xb0 /usr/local/Cellar/arm-gcc-bin/9-2020-q2-update/bin/../lib/gcc/arm-none-eabi/9.3.1/../../../../arm-none-eabi/lib/thumb/v7e-m+fp/hard/libc.a(lib_a-wbuf.o)
                0x00000000080015ac                __swbuf_r
 .text.__swsetup_r
                0x000000000800165c       0xd0 /usr/local/Cellar/arm-gcc-bin/9-2020-q2-update/bin/../lib/gcc/arm-none-eabi/9.3.1/../../../../arm-none-eabi/lib/thumb/v7e-m+fp/hard/libc.a(lib_a-wsetup.o)
                0x000000000800165c                __swsetup_r
 .text.__register_exitproc
                0x000000000800172c       0x8c /usr/local/Cellar/arm-gcc-bin/9-2020-q2-update/bin/../lib/gcc/arm-none-eabi/9.3.1/../../../../arm-none-eabi/lib/thumb/v7e-m+fp/hard/libc.a(lib_a-__atexit.o)
                0x000000000800172c                __register_exitproc
 .text.__sflush_r
                0x00000000080017b8      0x130 /usr/local/Cellar/arm-gcc-bin/9-2020-q2-update/bin/../lib/gcc/arm-none-eabi/9.3.1/../../../../arm-none-eabi/lib/thumb/v7e-m+fp/hard/libc.a(lib_a-fflush.o)
                0x00000000080017b8                __sflush_r
 .text._fflush_r
                0x00000000080018e8       0x5c /usr/local/Cellar/arm-gcc-bin/9-2020-q2-update/bin/../lib/gcc/arm-none-eabi/9.3.1/../../../../arm-none-eabi/lib/thumb/v7e-m+fp/hard/libc.a(lib_a-fflush.o)
                0x00000000080018e8                _fflush_r
 .text.std      0x0000000008001944       0x50 /usr/local/Cellar/arm-gcc-bin/9-2020-q2-update/bin/../lib/gcc/arm-none-eabi/9.3.1/../../../../arm-none-eabi/lib/thumb/v7e-m+fp/hard/libc.a(lib_a-findfp.o)
 .text._cleanup_r
                0x0000000008001994        0xc /usr/local/Cellar/arm-gcc-bin/9-2020-q2-update/bin/../lib/gcc/arm-none-eabi/9.3.1/../../../../arm-none-eabi/lib/thumb/v7e-m+fp/hard/libc.a(lib_a-findfp.o)
                0x0000000008001994                _cleanup_r
 .text.__sinit  0x00000000080019a0       0x54 /usr/local/Cellar/arm-gcc-bin/9-2020-q2-update/bin/../lib/gcc/arm-none-eabi/9.3.1/../../../../arm-none-eabi/lib/thumb/v7e-m+fp/hard/libc.a(lib_a-findfp.o)
                0x00000000080019a0                __sinit
 .text.__sfp_lock_acquire
                0x00000000080019f4        0xc /usr/local/Cellar/arm-gcc-bin/9-2020-q2-update/bin/../lib/gcc/arm-none-eabi/9.3.1/../../../../arm-none-eabi/lib/thumb/v7e-m+fp/hard/libc.a(lib_a-findfp.o)
                0x00000000080019f4                __sfp_lock_acquire
 .text.__sfp_lock_release
                0x0000000008001a00        0xc /usr/local/Cellar/arm-gcc-bin/9-2020-q2-update/bin/../lib/gcc/arm-none-eabi/9.3.1/../../../../arm-none-eabi/lib/thumb/v7e-m+fp/hard/libc.a(lib_a-findfp.o)
                0x0000000008001a00                __sfp_lock_release
 .text._malloc_trim_r
                0x0000000008001a0c       0xa0 /usr/local/Cellar/arm-gcc-bin/9-2020-q2-update/bin/../lib/gcc/arm-none-eabi/9.3.1/../../../../arm-none-eabi/lib/thumb/v7e-m+fp/hard/libc.a(lib_a-freer.o)
                0x0000000008001a0c                _malloc_trim_r
 .text._free_r  0x0000000008001aac      0x208 /usr/local/Cellar/arm-gcc-bin/9-2020-q2-update/bin/../lib/gcc/arm-none-eabi/9.3.1/../../../../arm-none-eabi/lib/thumb/v7e-m+fp/hard/libc.a(lib_a-freer.o)
                0x0000000008001aac                _free_r
 .text._fwalk_reent
                0x0000000008001cb4       0x48 /usr/local/Cellar/arm-gcc-bin/9-2020-q2-update/bin/../lib/gcc/arm-none-eabi/9.3.1/../../../../arm-none-eabi/lib/thumb/v7e-m+fp/hard/libc.a(lib_a-fwalk.o)
                0x0000000008001cb4                _fwalk_reent
 .text.__swhatbuf_r
                0x0000000008001cfc       0x5c /usr/local/Cellar/arm-gcc-bin/9-2020-q2-update/bin/../lib/gcc/arm-none-eabi/9.3.1/../../../../arm-none-eabi/lib/thumb/v7e-m+fp/hard/libc.a(lib_a-makebuf.o)
                0x0000000008001cfc                __swhatbuf_r
 .text.__smakebuf_r
                0x0000000008001d58       0x98 /usr/local/Cellar/arm-gcc-bin/9-2020-q2-update/bin/../lib/gcc/arm-none-eabi/9.3.1/../../../../arm-none-eabi/lib/thumb/v7e-m+fp/hard/libc.a(lib_a-makebuf.o)
                0x0000000008001d58                __smakebuf_r
 .text._malloc_r
                0x0000000008001df0      0x574 /usr/local/Cellar/arm-gcc-bin/9-2020-q2-update/bin/../lib/gcc/arm-none-eabi/9.3.1/../../../../arm-none-eabi/lib/thumb/v7e-m+fp/hard/libc.a(lib_a-mallocr.o)
                0x0000000008001df0                _malloc_r
 .text.__malloc_lock
                0x0000000008002364        0xc /usr/local/Cellar/arm-gcc-bin/9-2020-q2-update/bin/../lib/gcc/arm-none-eabi/9.3.1/../../../../arm-none-eabi/lib/thumb/v7e-m+fp/hard/libc.a(lib_a-mlock.o)
                0x0000000008002364                __malloc_lock
 .text.__malloc_unlock
                0x0000000008002370        0xc /usr/local/Cellar/arm-gcc-bin/9-2020-q2-update/bin/../lib/gcc/arm-none-eabi/9.3.1/../../../../arm-none-eabi/lib/thumb/v7e-m+fp/hard/libc.a(lib_a-mlock.o)
                0x0000000008002370                __malloc_unlock
 .text._sbrk_r  0x000000000800237c       0x24 /usr/local/Cellar/arm-gcc-bin/9-2020-q2-update/bin/../lib/gcc/arm-none-eabi/9.3.1/../../../../arm-none-eabi/lib/thumb/v7e-m+fp/hard/libc.a(lib_a-sbrkr.o)
                0x000000000800237c                _sbrk_r
 .text.__sread  0x00000000080023a0       0x24 /usr/local/Cellar/arm-gcc-bin/9-2020-q2-update/bin/../lib/gcc/arm-none-eabi/9.3.1/../../../../arm-none-eabi/lib/thumb/v7e-m+fp/hard/libc.a(lib_a-stdio.o)
                0x00000000080023a0                __sread
 .text.__swrite
                0x00000000080023c4       0x40 /usr/local/Cellar/arm-gcc-bin/9-2020-q2-update/bin/../lib/gcc/arm-none-eabi/9.3.1/../../../../arm-none-eabi/lib/thumb/v7e-m+fp/hard/libc.a(lib_a-stdio.o)
                0x00000000080023c4                __swrite
 .text.__sseek  0x0000000008002404       0x20 /usr/local/Cellar/arm-gcc-bin/9-2020-q2-update/bin/../lib/gcc/arm-none-eabi/9.3.1/../../../../arm-none-eabi/lib/thumb/v7e-m+fp/hard/libc.a(lib_a-stdio.o)
                0x0000000008002404                __sseek
 .text.__sclose
                0x0000000008002424        0x8 /usr/local/Cellar/arm-gcc-bin/9-2020-q2-update/bin/../lib/gcc/arm-none-eabi/9.3.1/../../../../arm-none-eabi/lib/thumb/v7e-m+fp/hard/libc.a(lib_a-stdio.o)
                0x0000000008002424                __sclose
 .text._write_r
                0x000000000800242c       0x2c /usr/local/Cellar/arm-gcc-bin/9-2020-q2-update/bin/../lib/gcc/arm-none-eabi/9.3.1/../../../../arm-none-eabi/lib/thumb/v7e-m+fp/hard/libc.a(lib_a-writer.o)
                0x000000000800242c                _write_r
 .text._close_r
                0x0000000008002458       0x24 /usr/local/Cellar/arm-gcc-bin/9-2020-q2-update/bin/../lib/gcc/arm-none-eabi/9.3.1/../../../../arm-none-eabi/lib/thumb/v7e-m+fp/hard/libc.a(lib_a-closer.o)
                0x0000000008002458                _close_r
 .text._fclose_r
                0x000000000800247c       0xcc /usr/local/Cellar/arm-gcc-bin/9-2020-q2-update/bin/../lib/gcc/arm-none-eabi/9.3.1/../../../../arm-none-eabi/lib/thumb/v7e-m+fp/hard/libc.a(lib_a-fclose.o)
                0x000000000800247c                _fclose_r
 .text._fstat_r
                0x0000000008002548       0x2c /usr/local/Cellar/arm-gcc-bin/9-2020-q2-update/bin/../lib/gcc/arm-none-eabi/9.3.1/../../../../arm-none-eabi/lib/thumb/v7e-m+fp/hard/libc.a(lib_a-fstatr.o)
                0x0000000008002548                _fstat_r
 .text._isatty_r
                0x0000000008002574       0x24 /usr/local/Cellar/arm-gcc-bin/9-2020-q2-update/bin/../lib/gcc/arm-none-eabi/9.3.1/../../../../arm-none-eabi/lib/thumb/v7e-m+fp/hard/libc.a(lib_a-isattyr.o)
                0x0000000008002574                _isatty_r
 .text._lseek_r
                0x0000000008002598       0x2c /usr/local/Cellar/arm-gcc-bin/9-2020-q2-update/bin/../lib/gcc/arm-none-eabi/9.3.1/../../../../arm-none-eabi/lib/thumb/v7e-m+fp/hard/libc.a(lib_a-lseekr.o)
                0x0000000008002598                _lseek_r
 .text._read_r  0x00000000080025c4       0x2c /usr/local/Cellar/arm-gcc-bin/9-2020-q2-update/bin/../lib/gcc/arm-none-eabi/9.3.1/../../../../arm-none-eabi/lib/thumb/v7e-m+fp/hard/libc.a(lib_a-readr.o)
                0x00000000080025c4                _read_r
 .text._close   0x00000000080025f0       0x10 /usr/local/Cellar/arm-gcc-bin/9-2020-q2-update/bin/../lib/gcc/arm-none-eabi/9.3.1/../../../../arm-none-eabi/lib/thumb/v7e-m+fp/hard/libnosys.a(close.o)
                0x00000000080025f0                _close
 .text._fstat   0x0000000008002600       0x10 /usr/local/Cellar/arm-gcc-bin/9-2020-q2-update/bin/../lib/gcc/arm-none-eabi/9.3.1/../../../../arm-none-eabi/lib/thumb/v7e-m+fp/hard/libnosys.a(fstat.o)
                0x0000000008002600                _fstat
 .text._isatty  0x0000000008002610       0x10 /usr/local/Cellar/arm-gcc-bin/9-2020-q2-update/bin/../lib/gcc/arm-none-eabi/9.3.1/../../../../arm-none-eabi/lib/thumb/v7e-m+fp/hard/libnosys.a(isatty.o)
                0x0000000008002610                _isatty
 .text._lseek   0x0000000008002620       0x10 /usr/local/Cellar/arm-gcc-bin/9-2020-q2-update/bin/../lib/gcc/arm-none-eabi/9.3.1/../../../../arm-none-eabi/lib/thumb/v7e-m+fp/hard/libnosys.a(lseek.o)
                0x0000000008002620                _lseek
 .text._read    0x0000000008002630       0x10 /usr/local/Cellar/arm-gcc-bin/9-2020-q2-update/bin/../lib/gcc/arm-none-eabi/9.3.1/../../../../arm-none-eabi/lib/thumb/v7e-m+fp/hard/libnosys.a(read.o)
                0x0000000008002630                _read
 .text._sbrk    0x0000000008002640       0x1c /usr/local/Cellar/arm-gcc-bin/9-2020-q2-update/bin/../lib/gcc/arm-none-eabi/9.3.1/../../../../arm-none-eabi/lib/thumb/v7e-m+fp/hard/libnosys.a(sbrk.o)
                0x0000000008002640                _sbrk
 .text._write   0x000000000800265c       0x10 /usr/local/Cellar/arm-gcc-bin/9-2020-q2-update/bin/../lib/gcc/arm-none-eabi/9.3.1/../../../../arm-none-eabi/lib/thumb/v7e-m+fp/hard/libnosys.a(write.o)
                0x000000000800265c                _write
 *(.glue_7)
 .glue_7        0x000000000800266c        0x0 linker stubs
 *(.glue_7t)
 .glue_7t       0x000000000800266c        0x0 linker stubs
 *(.eh_frame)
 .eh_frame      0x000000000800266c        0x0 /usr/local/Cellar/arm-gcc-bin/9-2020-q2-update/bin/../lib/gcc/arm-none-eabi/9.3.1/thumb/v7e-m+fp/hard/crtbegin.o
 *(.init)
 .init          0x000000000800266c        0x4 /usr/local/Cellar/arm-gcc-bin/9-2020-q2-update/bin/../lib/gcc/arm-none-eabi/9.3.1/thumb/v7e-m+fp/hard/crti.o
                0x000000000800266c                _init
 .init          0x0000000008002670        0x8 /usr/local/Cellar/arm-gcc-bin/9-2020-q2-update/bin/../lib/gcc/arm-none-eabi/9.3.1/thumb/v7e-m+fp/hard/crtn.o
 *(.fini)
 .fini          0x0000000008002678        0x4 /usr/local/Cellar/arm-gcc-bin/9-2020-q2-update/bin/../lib/gcc/arm-none-eabi/9.3.1/thumb/v7e-m+fp/hard/crti.o
                0x0000000008002678                _fini
 .fini          0x000000000800267c        0x8 /usr/local/Cellar/arm-gcc-bin/9-2020-q2-update/bin/../lib/gcc/arm-none-eabi/9.3.1/thumb/v7e-m+fp/hard/crtn.o
                0x0000000008002684                . = ALIGN (0x4)
                0x0000000008002684                _etext = .

.vfp11_veneer   0x0000000008002684        0x0
 .vfp11_veneer  0x0000000008002684        0x0 linker stubs

.v4_bx          0x0000000008002684        0x0
 .v4_bx         0x0000000008002684        0x0 linker stubs

.iplt           0x0000000008002684        0x0
 .iplt          0x0000000008002684        0x0 /usr/local/Cellar/arm-gcc-bin/9-2020-q2-update/bin/../lib/gcc/arm-none-eabi/9.3.1/thumb/v7e-m+fp/hard/crtbegin.o

.rodata         0x0000000008002684       0x3c
                0x0000000008002684                . = ALIGN (0x4)
 *(.rodata)
 *(.rodata*)
 .rodata.AHBPrescTable
                0x0000000008002684       0x10 build/system_stm32f3xx.o
                0x0000000008002684                AHBPrescTable
 .rodata.APBPrescTable
                0x0000000008002694        0x8 build/system_stm32f3xx.o
                0x0000000008002694                APBPrescTable
 .rodata.aPLLMULFactorTable
                0x000000000800269c       0x10 build/stm32f3xx_hal_rcc.o
                0x000000000800269c                aPLLMULFactorTable
 .rodata.aPredivFactorTable
                0x00000000080026ac       0x10 build/stm32f3xx_hal_rcc.o
                0x00000000080026ac                aPredivFactorTable
 .rodata._global_impure_ptr
                0x00000000080026bc        0x4 /usr/local/Cellar/arm-gcc-bin/9-2020-q2-update/bin/../lib/gcc/arm-none-eabi/9.3.1/../../../../arm-none-eabi/lib/thumb/v7e-m+fp/hard/libc.a(lib_a-impure.o)
                0x00000000080026bc                _global_impure_ptr
                0x00000000080026c0                . = ALIGN (0x4)

.rel.dyn        0x00000000080026c0        0x0
 .rel.iplt      0x00000000080026c0        0x0 /usr/local/Cellar/arm-gcc-bin/9-2020-q2-update/bin/../lib/gcc/arm-none-eabi/9.3.1/thumb/v7e-m+fp/hard/crtbegin.o

.ARM.extab
 *(.ARM.extab* .gnu.linkonce.armextab.*)

.ARM            0x00000000080026c0        0x0
                0x00000000080026c0                __exidx_start = .
 *(.ARM.exidx*)
                0x00000000080026c0                __exidx_end = .

.preinit_array  0x00000000080026c0        0x0
                0x00000000080026c0                PROVIDE (__preinit_array_start = .)
 *(.preinit_array*)
                0x00000000080026c0                PROVIDE (__preinit_array_end = .)

.init_array     0x00000000080026c0        0x8
                0x00000000080026c0                PROVIDE (__init_array_start = .)
 *(SORT_BY_NAME(.init_array.*))
 .init_array.00000
                0x00000000080026c0        0x4 /usr/local/Cellar/arm-gcc-bin/9-2020-q2-update/bin/../lib/gcc/arm-none-eabi/9.3.1/../../../../arm-none-eabi/lib/thumb/v7e-m+fp/hard/libc.a(lib_a-__call_atexit.o)
 *(.init_array*)
 .init_array    0x00000000080026c4        0x4 /usr/local/Cellar/arm-gcc-bin/9-2020-q2-update/bin/../lib/gcc/arm-none-eabi/9.3.1/thumb/v7e-m+fp/hard/crtbegin.o
                0x00000000080026c8                PROVIDE (__init_array_end = .)

.fini_array     0x00000000080026c8        0x4
                0x00000000080026c8                PROVIDE (__fini_array_start = .)
 *(SORT_BY_NAME(.fini_array.*))
 *(.fini_array*)
 .fini_array    0x00000000080026c8        0x4 /usr/local/Cellar/arm-gcc-bin/9-2020-q2-update/bin/../lib/gcc/arm-none-eabi/9.3.1/thumb/v7e-m+fp/hard/crtbegin.o
                0x00000000080026cc                PROVIDE (__fini_array_end = .)
                0x00000000080026cc                _sidata = LOADADDR (.data)

.data           0x0000000020000000      0x84c load address 0x00000000080026cc
                0x0000000020000000                . = ALIGN (0x4)
                0x0000000020000000                _sdata = .
 *(.data)
 *(.data*)
 .data.SystemCoreClock
                0x0000000020000000        0x4 build/system_stm32f3xx.o
                0x0000000020000000                SystemCoreClock
 .data.uwTickFreq
                0x0000000020000004        0x1 build/stm32f3xx_hal.o
                0x0000000020000004                uwTickFreq
 *fill*         0x0000000020000005        0x3 
 .data.uwTickPrio
                0x0000000020000008        0x4 build/stm32f3xx_hal.o
                0x0000000020000008                uwTickPrio
 .data._impure_ptr
                0x000000002000000c        0x4 /usr/local/Cellar/arm-gcc-bin/9-2020-q2-update/bin/../lib/gcc/arm-none-eabi/9.3.1/../../../../arm-none-eabi/lib/thumb/v7e-m+fp/hard/libc.a(lib_a-impure.o)
                0x000000002000000c                _impure_ptr
 .data.impure_data
                0x0000000020000010      0x428 /usr/local/Cellar/arm-gcc-bin/9-2020-q2-update/bin/../lib/gcc/arm-none-eabi/9.3.1/../../../../arm-none-eabi/lib/thumb/v7e-m+fp/hard/libc.a(lib_a-impure.o)
 .data.__atexit_recursive_mutex
                0x0000000020000438        0x4 /usr/local/Cellar/arm-gcc-bin/9-2020-q2-update/bin/../lib/gcc/arm-none-eabi/9.3.1/../../../../arm-none-eabi/lib/thumb/v7e-m+fp/hard/libc.a(lib_a-__call_atexit.o)
                0x0000000020000438                __atexit_recursive_mutex
 .data.__malloc_av_
                0x000000002000043c      0x408 /usr/local/Cellar/arm-gcc-bin/9-2020-q2-update/bin/../lib/gcc/arm-none-eabi/9.3.1/../../../../arm-none-eabi/lib/thumb/v7e-m+fp/hard/libc.a(lib_a-mallocr.o)
                0x000000002000043c                __malloc_av_
 .data.__malloc_sbrk_base
                0x0000000020000844        0x4 /usr/local/Cellar/arm-gcc-bin/9-2020-q2-update/bin/../lib/gcc/arm-none-eabi/9.3.1/../../../../arm-none-eabi/lib/thumb/v7e-m+fp/hard/libc.a(lib_a-mallocr.o)
                0x0000000020000844                __malloc_sbrk_base
 .data.__malloc_trim_threshold
                0x0000000020000848        0x4 /usr/local/Cellar/arm-gcc-bin/9-2020-q2-update/bin/../lib/gcc/arm-none-eabi/9.3.1/../../../../arm-none-eabi/lib/thumb/v7e-m+fp/hard/libc.a(lib_a-mallocr.o)
                0x0000000020000848                __malloc_trim_threshold
                0x000000002000084c                . = ALIGN (0x4)
                0x000000002000084c                _edata = .

.igot.plt       0x000000002000084c        0x0 load address 0x0000000008002f18
 .igot.plt      0x000000002000084c        0x0 /usr/local/Cellar/arm-gcc-bin/9-2020-q2-update/bin/../lib/gcc/arm-none-eabi/9.3.1/thumb/v7e-m+fp/hard/crtbegin.o
                0x000000002000084c                . = ALIGN (0x4)

.bss            0x000000002000084c      0x100 load address 0x0000000008002f18
                0x000000002000084c                _sbss = .
                0x000000002000084c                __bss_start__ = _sbss
 *(.bss)
 .bss           0x000000002000084c       0x1c /usr/local/Cellar/arm-gcc-bin/9-2020-q2-update/bin/../lib/gcc/arm-none-eabi/9.3.1/thumb/v7e-m+fp/hard/crtbegin.o
 *(.bss*)
 .bss.__malloc_current_mallinfo
                0x0000000020000868       0x28 /usr/local/Cellar/arm-gcc-bin/9-2020-q2-update/bin/../lib/gcc/arm-none-eabi/9.3.1/../../../../arm-none-eabi/lib/thumb/v7e-m+fp/hard/libc.a(lib_a-mallocr.o)
                0x0000000020000868                __malloc_current_mallinfo
 .bss.__malloc_max_sbrked_mem
                0x0000000020000890        0x4 /usr/local/Cellar/arm-gcc-bin/9-2020-q2-update/bin/../lib/gcc/arm-none-eabi/9.3.1/../../../../arm-none-eabi/lib/thumb/v7e-m+fp/hard/libc.a(lib_a-mallocr.o)
                0x0000000020000890                __malloc_max_sbrked_mem
 .bss.__malloc_max_total_mem
                0x0000000020000894        0x4 /usr/local/Cellar/arm-gcc-bin/9-2020-q2-update/bin/../lib/gcc/arm-none-eabi/9.3.1/../../../../arm-none-eabi/lib/thumb/v7e-m+fp/hard/libc.a(lib_a-mallocr.o)
                0x0000000020000894                __malloc_max_total_mem
 .bss.__malloc_top_pad
                0x0000000020000898        0x4 /usr/local/Cellar/arm-gcc-bin/9-2020-q2-update/bin/../lib/gcc/arm-none-eabi/9.3.1/../../../../arm-none-eabi/lib/thumb/v7e-m+fp/hard/libc.a(lib_a-mallocr.o)
                0x0000000020000898                __malloc_top_pad
 .bss.heap_end.5507
                0x000000002000089c        0x4 /usr/local/Cellar/arm-gcc-bin/9-2020-q2-update/bin/../lib/gcc/arm-none-eabi/9.3.1/../../../../arm-none-eabi/lib/thumb/v7e-m+fp/hard/libnosys.a(sbrk.o)
 *(COMMON)
 COMMON         0x00000000200008a0       0x80 build/usart.o
                0x00000000200008a0                huart2
 COMMON         0x0000000020000920        0x4 build/stm32f3xx_hal.o
                0x0000000020000920                uwTick
 COMMON         0x0000000020000924       0x21 /usr/local/Cellar/arm-gcc-bin/9-2020-q2-update/bin/../lib/gcc/arm-none-eabi/9.3.1/../../../../arm-none-eabi/lib/thumb/v7e-m+fp/hard/libc.a(lib_a-lock.o)
                0x0000000020000924                __lock___atexit_recursive_mutex
                0x0000000020000928                __lock___arc4random_mutex
                0x000000002000092c                __lock___env_recursive_mutex
                0x0000000020000930                __lock___sinit_recursive_mutex
                0x0000000020000934                __lock___malloc_recursive_mutex
                0x0000000020000938                __lock___at_quick_exit_mutex
                0x000000002000093c                __lock___dd_hash_mutex
                0x0000000020000940                __lock___tz_mutex
                0x0000000020000944                __lock___sfp_recursive_mutex
 *fill*         0x0000000020000945        0x3 
 COMMON         0x0000000020000948        0x4 /usr/local/Cellar/arm-gcc-bin/9-2020-q2-update/bin/../lib/gcc/arm-none-eabi/9.3.1/../../../../arm-none-eabi/lib/thumb/v7e-m+fp/hard/libc.a(lib_a-reent.o)
                0x0000000020000948                errno
                0x000000002000094c                . = ALIGN (0x4)
                0x000000002000094c                _ebss = .
                0x000000002000094c                __bss_end__ = _ebss

._user_heap_stack
                0x000000002000094c      0x604 load address 0x0000000008002f18
                0x0000000020000950                . = ALIGN (0x8)
 *fill*         0x000000002000094c        0x4 
                0x0000000020000950                PROVIDE (end = .)
                [!provide]                        PROVIDE (_end = .)
                0x0000000020000b50                . = (. + _Min_Heap_Size)
 *fill*         0x0000000020000950      0x200 
                0x0000000020000f50                . = (. + _Min_Stack_Size)
 *fill*         0x0000000020000b50      0x400 
                0x0000000020000f50                . = ALIGN (0x8)

/DISCARD/
 libc.a(*)
 libm.a(*)
 libgcc.a(*)

.ARM.attributes
                0x0000000000000000       0x30
 *(.ARM.attributes)
 .ARM.attributes
                0x0000000000000000       0x1e /usr/local/Cellar/arm-gcc-bin/9-2020-q2-update/bin/../lib/gcc/arm-none-eabi/9.3.1/thumb/v7e-m+fp/hard/crti.o
 .ARM.attributes
                0x000000000000001e       0x34 /usr/local/Cellar/arm-gcc-bin/9-2020-q2-update/bin/../lib/gcc/arm-none-eabi/9.3.1/thumb/v7e-m+fp/hard/crtbegin.o
 .ARM.attributes
                0x0000000000000052       0x34 build/gpio.o
 .ARM.attributes
                0x0000000000000086       0x34 build/main.o
 .ARM.attributes
                0x00000000000000ba       0x34 build/stm32f3xx_hal_msp.o
 .ARM.attributes
                0x00000000000000ee       0x34 build/stm32f3xx_it.o
 .ARM.attributes
                0x0000000000000122       0x34 build/system_stm32f3xx.o
 .ARM.attributes
                0x0000000000000156       0x34 build/usart.o
 .ARM.attributes
                0x000000000000018a       0x34 build/stm32f3xx_hal.o
 .ARM.attributes
                0x00000000000001be       0x34 build/stm32f3xx_hal_cortex.o
 .ARM.attributes
                0x00000000000001f2       0x34 build/stm32f3xx_hal_gpio.o
 .ARM.attributes
                0x0000000000000226       0x34 build/stm32f3xx_hal_rcc.o
 .ARM.attributes
                0x000000000000025a       0x34 build/stm32f3xx_hal_uart.o
 .ARM.attributes
                0x000000000000028e       0x21 build/startup_stm32f302x8.o
 .ARM.attributes
                0x00000000000002af       0x32 /usr/local/Cellar/arm-gcc-bin/9-2020-q2-update/bin/../lib/gcc/arm-none-eabi/9.3.1/../../../../arm-none-eabi/lib/thumb/v7e-m+fp/hard/libc.a(lib_a-impure.o)
 .ARM.attributes
                0x00000000000002e1       0x34 /usr/local/Cellar/arm-gcc-bin/9-2020-q2-update/bin/../lib/gcc/arm-none-eabi/9.3.1/../../../../arm-none-eabi/lib/thumb/v7e-m+fp/hard/libc.a(lib_a-init.o)
 .ARM.attributes
                0x0000000000000315       0x34 /usr/local/Cellar/arm-gcc-bin/9-2020-q2-update/bin/../lib/gcc/arm-none-eabi/9.3.1/../../../../arm-none-eabi/lib/thumb/v7e-m+fp/hard/libc.a(lib_a-memset.o)
 .ARM.attributes
                0x0000000000000349       0x34 /usr/local/Cellar/arm-gcc-bin/9-2020-q2-update/bin/../lib/gcc/arm-none-eabi/9.3.1/../../../../arm-none-eabi/lib/thumb/v7e-m+fp/hard/libc.a(lib_a-putchar.o)
 .ARM.attributes
                0x000000000000037d       0x34 /usr/local/Cellar/arm-gcc-bin/9-2020-q2-update/bin/../lib/gcc/arm-none-eabi/9.3.1/../../../../arm-none-eabi/lib/thumb/v7e-m+fp/hard/libc.a(lib_a-__call_atexit.o)
 .ARM.attributes
                0x00000000000003b1       0x34 /usr/local/Cellar/arm-gcc-bin/9-2020-q2-update/bin/../lib/gcc/arm-none-eabi/9.3.1/../../../../arm-none-eabi/lib/thumb/v7e-m+fp/hard/libc.a(lib_a-atexit.o)
 .ARM.attributes
                0x00000000000003e5       0x34 /usr/local/Cellar/arm-gcc-bin/9-2020-q2-update/bin/../lib/gcc/arm-none-eabi/9.3.1/../../../../arm-none-eabi/lib/thumb/v7e-m+fp/hard/libc.a(lib_a-fini.o)
 .ARM.attributes
                0x0000000000000419       0x34 /usr/local/Cellar/arm-gcc-bin/9-2020-q2-update/bin/../lib/gcc/arm-none-eabi/9.3.1/../../../../arm-none-eabi/lib/thumb/v7e-m+fp/hard/libc.a(lib_a-lock.o)
 .ARM.attributes
                0x000000000000044d       0x34 /usr/local/Cellar/arm-gcc-bin/9-2020-q2-update/bin/../lib/gcc/arm-none-eabi/9.3.1/../../../../arm-none-eabi/lib/thumb/v7e-m+fp/hard/libc.a(lib_a-putc.o)
 .ARM.attributes
                0x0000000000000481       0x34 /usr/local/Cellar/arm-gcc-bin/9-2020-q2-update/bin/../lib/gcc/arm-none-eabi/9.3.1/../../../../arm-none-eabi/lib/thumb/v7e-m+fp/hard/libc.a(lib_a-wbuf.o)
 .ARM.attributes
                0x00000000000004b5       0x34 /usr/local/Cellar/arm-gcc-bin/9-2020-q2-update/bin/../lib/gcc/arm-none-eabi/9.3.1/../../../../arm-none-eabi/lib/thumb/v7e-m+fp/hard/libc.a(lib_a-wsetup.o)
 .ARM.attributes
                0x00000000000004e9       0x34 /usr/local/Cellar/arm-gcc-bin/9-2020-q2-update/bin/../lib/gcc/arm-none-eabi/9.3.1/../../../../arm-none-eabi/lib/thumb/v7e-m+fp/hard/libc.a(lib_a-__atexit.o)
 .ARM.attributes
                0x000000000000051d       0x34 /usr/local/Cellar/arm-gcc-bin/9-2020-q2-update/bin/../lib/gcc/arm-none-eabi/9.3.1/../../../../arm-none-eabi/lib/thumb/v7e-m+fp/hard/libc.a(lib_a-fflush.o)
 .ARM.attributes
                0x0000000000000551       0x34 /usr/local/Cellar/arm-gcc-bin/9-2020-q2-update/bin/../lib/gcc/arm-none-eabi/9.3.1/../../../../arm-none-eabi/lib/thumb/v7e-m+fp/hard/libc.a(lib_a-findfp.o)
 .ARM.attributes
                0x0000000000000585       0x34 /usr/local/Cellar/arm-gcc-bin/9-2020-q2-update/bin/../lib/gcc/arm-none-eabi/9.3.1/../../../../arm-none-eabi/lib/thumb/v7e-m+fp/hard/libc.a(lib_a-freer.o)
 .ARM.attributes
                0x00000000000005b9       0x34 /usr/local/Cellar/arm-gcc-bin/9-2020-q2-update/bin/../lib/gcc/arm-none-eabi/9.3.1/../../../../arm-none-eabi/lib/thumb/v7e-m+fp/hard/libc.a(lib_a-fwalk.o)
 .ARM.attributes
                0x00000000000005ed       0x34 /usr/local/Cellar/arm-gcc-bin/9-2020-q2-update/bin/../lib/gcc/arm-none-eabi/9.3.1/../../../../arm-none-eabi/lib/thumb/v7e-m+fp/hard/libc.a(lib_a-makebuf.o)
 .ARM.attributes
                0x0000000000000621       0x34 /usr/local/Cellar/arm-gcc-bin/9-2020-q2-update/bin/../lib/gcc/arm-none-eabi/9.3.1/../../../../arm-none-eabi/lib/thumb/v7e-m+fp/hard/libc.a(lib_a-mallocr.o)
 .ARM.attributes
                0x0000000000000655       0x34 /usr/local/Cellar/arm-gcc-bin/9-2020-q2-update/bin/../lib/gcc/arm-none-eabi/9.3.1/../../../../arm-none-eabi/lib/thumb/v7e-m+fp/hard/libc.a(lib_a-mlock.o)
 .ARM.attributes
                0x0000000000000689       0x34 /usr/local/Cellar/arm-gcc-bin/9-2020-q2-update/bin/../lib/gcc/arm-none-eabi/9.3.1/../../../../arm-none-eabi/lib/thumb/v7e-m+fp/hard/libc.a(lib_a-sbrkr.o)
 .ARM.attributes
                0x00000000000006bd       0x34 /usr/local/Cellar/arm-gcc-bin/9-2020-q2-update/bin/../lib/gcc/arm-none-eabi/9.3.1/../../../../arm-none-eabi/lib/thumb/v7e-m+fp/hard/libc.a(lib_a-stdio.o)
 .ARM.attributes
                0x00000000000006f1       0x34 /usr/local/Cellar/arm-gcc-bin/9-2020-q2-update/bin/../lib/gcc/arm-none-eabi/9.3.1/../../../../arm-none-eabi/lib/thumb/v7e-m+fp/hard/libc.a(lib_a-writer.o)
 .ARM.attributes
                0x0000000000000725       0x34 /usr/local/Cellar/arm-gcc-bin/9-2020-q2-update/bin/../lib/gcc/arm-none-eabi/9.3.1/../../../../arm-none-eabi/lib/thumb/v7e-m+fp/hard/libc.a(lib_a-closer.o)
 .ARM.attributes
                0x0000000000000759       0x34 /usr/local/Cellar/arm-gcc-bin/9-2020-q2-update/bin/../lib/gcc/arm-none-eabi/9.3.1/../../../../arm-none-eabi/lib/thumb/v7e-m+fp/hard/libc.a(lib_a-fclose.o)
 .ARM.attributes
                0x000000000000078d       0x34 /usr/local/Cellar/arm-gcc-bin/9-2020-q2-update/bin/../lib/gcc/arm-none-eabi/9.3.1/../../../../arm-none-eabi/lib/thumb/v7e-m+fp/hard/libc.a(lib_a-fstatr.o)
 .ARM.attributes
                0x00000000000007c1       0x34 /usr/local/Cellar/arm-gcc-bin/9-2020-q2-update/bin/../lib/gcc/arm-none-eabi/9.3.1/../../../../arm-none-eabi/lib/thumb/v7e-m+fp/hard/libc.a(lib_a-isattyr.o)
 .ARM.attributes
                0x00000000000007f5       0x34 /usr/local/Cellar/arm-gcc-bin/9-2020-q2-update/bin/../lib/gcc/arm-none-eabi/9.3.1/../../../../arm-none-eabi/lib/thumb/v7e-m+fp/hard/libc.a(lib_a-lseekr.o)
 .ARM.attributes
                0x0000000000000829       0x34 /usr/local/Cellar/arm-gcc-bin/9-2020-q2-update/bin/../lib/gcc/arm-none-eabi/9.3.1/../../../../arm-none-eabi/lib/thumb/v7e-m+fp/hard/libc.a(lib_a-readr.o)
 .ARM.attributes
                0x000000000000085d       0x34 /usr/local/Cellar/arm-gcc-bin/9-2020-q2-update/bin/../lib/gcc/arm-none-eabi/9.3.1/../../../../arm-none-eabi/lib/thumb/v7e-m+fp/hard/libc.a(lib_a-reent.o)
 .ARM.attributes
                0x0000000000000891       0x34 /usr/local/Cellar/arm-gcc-bin/9-2020-q2-update/bin/../lib/gcc/arm-none-eabi/9.3.1/../../../../arm-none-eabi/lib/thumb/v7e-m+fp/hard/libnosys.a(close.o)
 .ARM.attributes
                0x00000000000008c5       0x34 /usr/local/Cellar/arm-gcc-bin/9-2020-q2-update/bin/../lib/gcc/arm-none-eabi/9.3.1/../../../../arm-none-eabi/lib/thumb/v7e-m+fp/hard/libnosys.a(fstat.o)
 .ARM.attributes
                0x00000000000008f9       0x34 /usr/local/Cellar/arm-gcc-bin/9-2020-q2-update/bin/../lib/gcc/arm-none-eabi/9.3.1/../../../../arm-none-eabi/lib/thumb/v7e-m+fp/hard/libnosys.a(isatty.o)
 .ARM.attributes
                0x000000000000092d       0x34 /usr/local/Cellar/arm-gcc-bin/9-2020-q2-update/bin/../lib/gcc/arm-none-eabi/9.3.1/../../../../arm-none-eabi/lib/thumb/v7e-m+fp/hard/libnosys.a(lseek.o)
 .ARM.attributes
                0x0000000000000961       0x34 /usr/local/Cellar/arm-gcc-bin/9-2020-q2-update/bin/../lib/gcc/arm-none-eabi/9.3.1/../../../../arm-none-eabi/lib/thumb/v7e-m+fp/hard/libnosys.a(read.o)
 .ARM.attributes
                0x0000000000000995       0x34 /usr/local/Cellar/arm-gcc-bin/9-2020-q2-update/bin/../lib/gcc/arm-none-eabi/9.3.1/../../../../arm-none-eabi/lib/thumb/v7e-m+fp/hard/libnosys.a(sbrk.o)
 .ARM.attributes
                0x00000000000009c9       0x34 /usr/local/Cellar/arm-gcc-bin/9-2020-q2-update/bin/../lib/gcc/arm-none-eabi/9.3.1/../../../../arm-none-eabi/lib/thumb/v7e-m+fp/hard/libnosys.a(write.o)
 .ARM.attributes
                0x00000000000009fd       0x1e /usr/local/Cellar/arm-gcc-bin/9-2020-q2-update/bin/../lib/gcc/arm-none-eabi/9.3.1/thumb/v7e-m+fp/hard/crtn.o
OUTPUT(build/test-project.elf elf32-littlearm)
LOAD linker stubs
LOAD /usr/local/Cellar/arm-gcc-bin/9-2020-q2-update/bin/../lib/gcc/arm-none-eabi/9.3.1/../../../../arm-none-eabi/lib/thumb/v7e-m+fp/hard/libc.a
LOAD /usr/local/Cellar/arm-gcc-bin/9-2020-q2-update/bin/../lib/gcc/arm-none-eabi/9.3.1/../../../../arm-none-eabi/lib/thumb/v7e-m+fp/hard/libm.a
LOAD /usr/local/Cellar/arm-gcc-bin/9-2020-q2-update/bin/../lib/gcc/arm-none-eabi/9.3.1/thumb/v7e-m+fp/hard/libgcc.a

.debug_info     0x0000000000000000     0x86e2
 .debug_info    0x0000000000000000      0x4e9 build/gpio.o
 .debug_info    0x00000000000004e9     0x13b1 build/main.o
 .debug_info    0x000000000000189a      0x2ec build/stm32f3xx_hal_msp.o
 .debug_info    0x0000000000001b86      0x275 build/stm32f3xx_it.o
 .debug_info    0x0000000000001dfb      0x509 build/system_stm32f3xx.o
 .debug_info    0x0000000000002304      0xb3a build/usart.o
 .debug_info    0x0000000000002e3e      0x961 build/stm32f3xx_hal.o
 .debug_info    0x000000000000379f      0xf25 build/stm32f3xx_hal_cortex.o
 .debug_info    0x00000000000046c4      0x841 build/stm32f3xx_hal_gpio.o
 .debug_info    0x0000000000004f05     0x175a build/stm32f3xx_hal_rcc.o
 .debug_info    0x000000000000665f     0x2061 build/stm32f3xx_hal_uart.o
 .debug_info    0x00000000000086c0       0x22 build/startup_stm32f302x8.o

.debug_abbrev   0x0000000000000000     0x1775
 .debug_abbrev  0x0000000000000000      0x192 build/gpio.o
 .debug_abbrev  0x0000000000000192      0x297 build/main.o
 .debug_abbrev  0x0000000000000429      0x140 build/stm32f3xx_hal_msp.o
 .debug_abbrev  0x0000000000000569       0xf2 build/stm32f3xx_it.o
 .debug_abbrev  0x000000000000065b      0x14a build/system_stm32f3xx.o
 .debug_abbrev  0x00000000000007a5      0x1f1 build/usart.o
 .debug_abbrev  0x0000000000000996      0x21c build/stm32f3xx_hal.o
 .debug_abbrev  0x0000000000000bb2      0x37f build/stm32f3xx_hal_cortex.o
 .debug_abbrev  0x0000000000000f31      0x24f build/stm32f3xx_hal_gpio.o
 .debug_abbrev  0x0000000000001180      0x337 build/stm32f3xx_hal_rcc.o
 .debug_abbrev  0x00000000000014b7      0x2ac build/stm32f3xx_hal_uart.o
 .debug_abbrev  0x0000000000001763       0x12 build/startup_stm32f302x8.o

.debug_loc      0x0000000000000000     0x40f0
 .debug_loc     0x0000000000000000       0x38 build/gpio.o
 .debug_loc     0x0000000000000038       0x59 build/main.o
 .debug_loc     0x0000000000000091       0x38 build/stm32f3xx_hal_msp.o
 .debug_loc     0x00000000000000c9       0x20 build/stm32f3xx_it.o
 .debug_loc     0x00000000000000e9      0x123 build/system_stm32f3xx.o
 .debug_loc     0x000000000000020c      0x108 build/usart.o
 .debug_loc     0x0000000000000314      0x1e1 build/stm32f3xx_hal.o
 .debug_loc     0x00000000000004f5      0x7af build/stm32f3xx_hal_cortex.o
 .debug_loc     0x0000000000000ca4      0x3f6 build/stm32f3xx_hal_gpio.o
 .debug_loc     0x000000000000109a      0xf4c build/stm32f3xx_hal_rcc.o
 .debug_loc     0x0000000000001fe6     0x210a build/stm32f3xx_hal_uart.o

.debug_aranges  0x0000000000000000      0x5b0
 .debug_aranges
                0x0000000000000000       0x20 build/gpio.o
 .debug_aranges
                0x0000000000000020       0x30 build/main.o
 .debug_aranges
                0x0000000000000050       0x20 build/stm32f3xx_hal_msp.o
 .debug_aranges
                0x0000000000000070       0x60 build/stm32f3xx_it.o
 .debug_aranges
                0x00000000000000d0       0x28 build/system_stm32f3xx.o
 .debug_aranges
                0x00000000000000f8       0x30 build/usart.o
 .debug_aranges
                0x0000000000000128       0xe0 build/stm32f3xx_hal.o
 .debug_aranges
                0x0000000000000208       0x90 build/stm32f3xx_hal_cortex.o
 .debug_aranges
                0x0000000000000298       0x58 build/stm32f3xx_hal_gpio.o
 .debug_aranges
                0x00000000000002f0       0x88 build/stm32f3xx_hal_rcc.o
 .debug_aranges
                0x0000000000000378      0x210 build/stm32f3xx_hal_uart.o
 .debug_aranges
                0x0000000000000588       0x28 build/startup_stm32f302x8.o

.debug_ranges   0x0000000000000000      0x578
 .debug_ranges  0x0000000000000000       0x10 build/gpio.o
 .debug_ranges  0x0000000000000010       0x20 build/main.o
 .debug_ranges  0x0000000000000030       0x10 build/stm32f3xx_hal_msp.o
 .debug_ranges  0x0000000000000040       0x50 build/stm32f3xx_it.o
 .debug_ranges  0x0000000000000090       0x18 build/system_stm32f3xx.o
 .debug_ranges  0x00000000000000a8       0x20 build/usart.o
 .debug_ranges  0x00000000000000c8       0xd0 build/stm32f3xx_hal.o
 .debug_ranges  0x0000000000000198       0xe0 build/stm32f3xx_hal_cortex.o
 .debug_ranges  0x0000000000000278       0x48 build/stm32f3xx_hal_gpio.o
 .debug_ranges  0x00000000000002c0       0x98 build/stm32f3xx_hal_rcc.o
 .debug_ranges  0x0000000000000358      0x200 build/stm32f3xx_hal_uart.o
 .debug_ranges  0x0000000000000558       0x20 build/startup_stm32f302x8.o

.debug_line     0x0000000000000000     0x54d7
 .debug_line    0x0000000000000000      0x21a build/gpio.o
 .debug_line    0x000000000000021a      0x363 build/main.o
 .debug_line    0x000000000000057d      0x1dc build/stm32f3xx_hal_msp.o
 .debug_line    0x0000000000000759      0x280 build/stm32f3xx_it.o
 .debug_line    0x00000000000009d9      0x26f build/system_stm32f3xx.o
 .debug_line    0x0000000000000c48      0x31d build/usart.o
 .debug_line    0x0000000000000f65      0x510 build/stm32f3xx_hal.o
 .debug_line    0x0000000000001475      0x65c build/stm32f3xx_hal_cortex.o
 .debug_line    0x0000000000001ad1      0x6a2 build/stm32f3xx_hal_gpio.o
 .debug_line    0x0000000000002173     0x11b3 build/stm32f3xx_hal_rcc.o
 .debug_line    0x0000000000003326     0x213e build/stm32f3xx_hal_uart.o
 .debug_line    0x0000000000005464       0x73 build/startup_stm32f302x8.o

.debug_str      0x0000000000000000     0x2236
 .debug_str     0x0000000000000000      0x33b build/gpio.o
                                        0x396 (size before relaxing)
 .debug_str     0x000000000000033b      0x909 build/main.o
                                        0xbfb (size before relaxing)
 .debug_str     0x0000000000000c44       0x46 build/stm32f3xx_hal_msp.o
                                        0x302 (size before relaxing)
 .debug_str     0x0000000000000c8a       0xb4 build/stm32f3xx_it.o
                                        0x316 (size before relaxing)
 .debug_str     0x0000000000000d3e       0xba build/system_stm32f3xx.o
                                        0x36f (size before relaxing)
 .debug_str     0x0000000000000df8       0x5e build/usart.o
                                        0x7ba (size before relaxing)
 .debug_str     0x0000000000000e56      0x5de build/stm32f3xx_hal.o
                                        0x90e (size before relaxing)
 .debug_str     0x0000000000001434      0x35a build/stm32f3xx_hal_cortex.o
                                        0xa08 (size before relaxing)
 .debug_str     0x000000000000178e      0x12b build/stm32f3xx_hal_gpio.o
                                        0x511 (size before relaxing)
 .debug_str     0x00000000000018b9      0x1f2 build/stm32f3xx_hal_rcc.o
                                        0x70c (size before relaxing)
 .debug_str     0x0000000000001aab      0x767 build/stm32f3xx_hal_uart.o
                                        0xeed (size before relaxing)
 .debug_str     0x0000000000002212       0x24 build/startup_stm32f302x8.o
                                         0x60 (size before relaxing)

.comment        0x0000000000000000       0x4c
 .comment       0x0000000000000000       0x4c build/gpio.o
                                         0x4d (size before relaxing)
 .comment       0x000000000000004c       0x4d build/main.o
 .comment       0x000000000000004c       0x4d build/stm32f3xx_hal_msp.o
 .comment       0x000000000000004c       0x4d build/stm32f3xx_it.o
 .comment       0x000000000000004c       0x4d build/system_stm32f3xx.o
 .comment       0x000000000000004c       0x4d build/usart.o
 .comment       0x000000000000004c       0x4d build/stm32f3xx_hal.o
 .comment       0x000000000000004c       0x4d build/stm32f3xx_hal_cortex.o
 .comment       0x000000000000004c       0x4d build/stm32f3xx_hal_gpio.o
 .comment       0x000000000000004c       0x4d build/stm32f3xx_hal_rcc.o
 .comment       0x000000000000004c       0x4d build/stm32f3xx_hal_uart.o

.debug_frame    0x0000000000000000     0x1680
 .debug_frame   0x0000000000000000       0x34 build/gpio.o
 .debug_frame   0x0000000000000034       0x58 build/main.o
 .debug_frame   0x000000000000008c       0x2c build/stm32f3xx_hal_msp.o
 .debug_frame   0x00000000000000b8       0xa8 build/stm32f3xx_it.o
 .debug_frame   0x0000000000000160       0x30 build/system_stm32f3xx.o
 .debug_frame   0x0000000000000190       0x60 build/usart.o
 .debug_frame   0x00000000000001f0      0x1cc build/stm32f3xx_hal.o
 .debug_frame   0x00000000000003bc      0x12c build/stm32f3xx_hal_cortex.o
 .debug_frame   0x00000000000004e8       0xd0 build/stm32f3xx_hal_gpio.o
 .debug_frame   0x00000000000005b8      0x170 build/stm32f3xx_hal_rcc.o
 .debug_frame   0x0000000000000728      0x5c4 build/stm32f3xx_hal_uart.o
 .debug_frame   0x0000000000000cec       0x2c /usr/local/Cellar/arm-gcc-bin/9-2020-q2-update/bin/../lib/gcc/arm-none-eabi/9.3.1/../../../../arm-none-eabi/lib/thumb/v7e-m+fp/hard/libc.a(lib_a-init.o)
 .debug_frame   0x0000000000000d18       0x38 /usr/local/Cellar/arm-gcc-bin/9-2020-q2-update/bin/../lib/gcc/arm-none-eabi/9.3.1/../../../../arm-none-eabi/lib/thumb/v7e-m+fp/hard/libc.a(lib_a-memset.o)
 .debug_frame   0x0000000000000d50       0x30 /usr/local/Cellar/arm-gcc-bin/9-2020-q2-update/bin/../lib/gcc/arm-none-eabi/9.3.1/../../../../arm-none-eabi/lib/thumb/v7e-m+fp/hard/libc.a(lib_a-putchar.o)
 .debug_frame   0x0000000000000d80       0x68 /usr/local/Cellar/arm-gcc-bin/9-2020-q2-update/bin/../lib/gcc/arm-none-eabi/9.3.1/../../../../arm-none-eabi/lib/thumb/v7e-m+fp/hard/libc.a(lib_a-__call_atexit.o)
 .debug_frame   0x0000000000000de8       0x20 /usr/local/Cellar/arm-gcc-bin/9-2020-q2-update/bin/../lib/gcc/arm-none-eabi/9.3.1/../../../../arm-none-eabi/lib/thumb/v7e-m+fp/hard/libc.a(lib_a-atexit.o)
 .debug_frame   0x0000000000000e08       0x34 /usr/local/Cellar/arm-gcc-bin/9-2020-q2-update/bin/../lib/gcc/arm-none-eabi/9.3.1/../../../../arm-none-eabi/lib/thumb/v7e-m+fp/hard/libc.a(lib_a-fini.o)
 .debug_frame   0x0000000000000e3c       0xb0 /usr/local/Cellar/arm-gcc-bin/9-2020-q2-update/bin/../lib/gcc/arm-none-eabi/9.3.1/../../../../arm-none-eabi/lib/thumb/v7e-m+fp/hard/libc.a(lib_a-lock.o)
 .debug_frame   0x0000000000000eec       0x48 /usr/local/Cellar/arm-gcc-bin/9-2020-q2-update/bin/../lib/gcc/arm-none-eabi/9.3.1/../../../../arm-none-eabi/lib/thumb/v7e-m+fp/hard/libc.a(lib_a-putc.o)
 .debug_frame   0x0000000000000f34       0x40 /usr/local/Cellar/arm-gcc-bin/9-2020-q2-update/bin/../lib/gcc/arm-none-eabi/9.3.1/../../../../arm-none-eabi/lib/thumb/v7e-m+fp/hard/libc.a(lib_a-wbuf.o)
 .debug_frame   0x0000000000000f74       0x2c /usr/local/Cellar/arm-gcc-bin/9-2020-q2-update/bin/../lib/gcc/arm-none-eabi/9.3.1/../../../../arm-none-eabi/lib/thumb/v7e-m+fp/hard/libc.a(lib_a-wsetup.o)
 .debug_frame   0x0000000000000fa0       0x34 /usr/local/Cellar/arm-gcc-bin/9-2020-q2-update/bin/../lib/gcc/arm-none-eabi/9.3.1/../../../../arm-none-eabi/lib/thumb/v7e-m+fp/hard/libc.a(lib_a-__atexit.o)
 .debug_frame   0x0000000000000fd4       0x5c /usr/local/Cellar/arm-gcc-bin/9-2020-q2-update/bin/../lib/gcc/arm-none-eabi/9.3.1/../../../../arm-none-eabi/lib/thumb/v7e-m+fp/hard/libc.a(lib_a-fflush.o)
 .debug_frame   0x0000000000001030      0x14c /usr/local/Cellar/arm-gcc-bin/9-2020-q2-update/bin/../lib/gcc/arm-none-eabi/9.3.1/../../../../arm-none-eabi/lib/thumb/v7e-m+fp/hard/libc.a(lib_a-findfp.o)
 .debug_frame   0x000000000000117c       0x8c /usr/local/Cellar/arm-gcc-bin/9-2020-q2-update/bin/../lib/gcc/arm-none-eabi/9.3.1/../../../../arm-none-eabi/lib/thumb/v7e-m+fp/hard/libc.a(lib_a-freer.o)
 .debug_frame   0x0000000000001208       0x54 /usr/local/Cellar/arm-gcc-bin/9-2020-q2-update/bin/../lib/gcc/arm-none-eabi/9.3.1/../../../../arm-none-eabi/lib/thumb/v7e-m+fp/hard/libc.a(lib_a-fwalk.o)
 .debug_frame   0x000000000000125c       0x6c /usr/local/Cellar/arm-gcc-bin/9-2020-q2-update/bin/../lib/gcc/arm-none-eabi/9.3.1/../../../../arm-none-eabi/lib/thumb/v7e-m+fp/hard/libc.a(lib_a-makebuf.o)
 .debug_frame   0x00000000000012c8       0x4c /usr/local/Cellar/arm-gcc-bin/9-2020-q2-update/bin/../lib/gcc/arm-none-eabi/9.3.1/../../../../arm-none-eabi/lib/thumb/v7e-m+fp/hard/libc.a(lib_a-mallocr.o)
 .debug_frame   0x0000000000001314       0x30 /usr/local/Cellar/arm-gcc-bin/9-2020-q2-update/bin/../lib/gcc/arm-none-eabi/9.3.1/../../../../arm-none-eabi/lib/thumb/v7e-m+fp/hard/libc.a(lib_a-mlock.o)
 .debug_frame   0x0000000000001344       0x2c /usr/local/Cellar/arm-gcc-bin/9-2020-q2-update/bin/../lib/gcc/arm-none-eabi/9.3.1/../../../../arm-none-eabi/lib/thumb/v7e-m+fp/hard/libc.a(lib_a-sbrkr.o)
 .debug_frame   0x0000000000001370       0x8c /usr/local/Cellar/arm-gcc-bin/9-2020-q2-update/bin/../lib/gcc/arm-none-eabi/9.3.1/../../../../arm-none-eabi/lib/thumb/v7e-m+fp/hard/libc.a(lib_a-stdio.o)
 .debug_frame   0x00000000000013fc       0x2c /usr/local/Cellar/arm-gcc-bin/9-2020-q2-update/bin/../lib/gcc/arm-none-eabi/9.3.1/../../../../arm-none-eabi/lib/thumb/v7e-m+fp/hard/libc.a(lib_a-writer.o)
 .debug_frame   0x0000000000001428       0x2c /usr/local/Cellar/arm-gcc-bin/9-2020-q2-update/bin/../lib/gcc/arm-none-eabi/9.3.1/../../../../arm-none-eabi/lib/thumb/v7e-m+fp/hard/libc.a(lib_a-closer.o)
 .debug_frame   0x0000000000001454       0x3c /usr/local/Cellar/arm-gcc-bin/9-2020-q2-update/bin/../lib/gcc/arm-none-eabi/9.3.1/../../../../arm-none-eabi/lib/thumb/v7e-m+fp/hard/libc.a(lib_a-fclose.o)
 .debug_frame   0x0000000000001490       0x2c /usr/local/Cellar/arm-gcc-bin/9-2020-q2-update/bin/../lib/gcc/arm-none-eabi/9.3.1/../../../../arm-none-eabi/lib/thumb/v7e-m+fp/hard/libc.a(lib_a-fstatr.o)
 .debug_frame   0x00000000000014bc       0x2c /usr/local/Cellar/arm-gcc-bin/9-2020-q2-update/bin/../lib/gcc/arm-none-eabi/9.3.1/../../../../arm-none-eabi/lib/thumb/v7e-m+fp/hard/libc.a(lib_a-isattyr.o)
 .debug_frame   0x00000000000014e8       0x2c /usr/local/Cellar/arm-gcc-bin/9-2020-q2-update/bin/../lib/gcc/arm-none-eabi/9.3.1/../../../../arm-none-eabi/lib/thumb/v7e-m+fp/hard/libc.a(lib_a-lseekr.o)
 .debug_frame   0x0000000000001514       0x2c /usr/local/Cellar/arm-gcc-bin/9-2020-q2-update/bin/../lib/gcc/arm-none-eabi/9.3.1/../../../../arm-none-eabi/lib/thumb/v7e-m+fp/hard/libc.a(lib_a-readr.o)
 .debug_frame   0x0000000000001540       0x60 /usr/local/Cellar/arm-gcc-bin/9-2020-q2-update/bin/../lib/gcc/arm-none-eabi/9.3.1/../../../../arm-none-eabi/lib/thumb/v7e-m+fp/hard/libc.a(lib_a-reent.o)
 .debug_frame   0x00000000000015a0       0x20 /usr/local/Cellar/arm-gcc-bin/9-2020-q2-update/bin/../lib/gcc/arm-none-eabi/9.3.1/../../../../arm-none-eabi/lib/thumb/v7e-m+fp/hard/libnosys.a(close.o)
 .debug_frame   0x00000000000015c0       0x20 /usr/local/Cellar/arm-gcc-bin/9-2020-q2-update/bin/../lib/gcc/arm-none-eabi/9.3.1/../../../../arm-none-eabi/lib/thumb/v7e-m+fp/hard/libnosys.a(fstat.o)
 .debug_frame   0x00000000000015e0       0x20 /usr/local/Cellar/arm-gcc-bin/9-2020-q2-update/bin/../lib/gcc/arm-none-eabi/9.3.1/../../../../arm-none-eabi/lib/thumb/v7e-m+fp/hard/libnosys.a(isatty.o)
 .debug_frame   0x0000000000001600       0x20 /usr/local/Cellar/arm-gcc-bin/9-2020-q2-update/bin/../lib/gcc/arm-none-eabi/9.3.1/../../../../arm-none-eabi/lib/thumb/v7e-m+fp/hard/libnosys.a(lseek.o)
 .debug_frame   0x0000000000001620       0x20 /usr/local/Cellar/arm-gcc-bin/9-2020-q2-update/bin/../lib/gcc/arm-none-eabi/9.3.1/../../../../arm-none-eabi/lib/thumb/v7e-m+fp/hard/libnosys.a(read.o)
 .debug_frame   0x0000000000001640       0x20 /usr/local/Cellar/arm-gcc-bin/9-2020-q2-update/bin/../lib/gcc/arm-none-eabi/9.3.1/../../../../arm-none-eabi/lib/thumb/v7e-m+fp/hard/libnosys.a(sbrk.o)
 .debug_frame   0x0000000000001660       0x20 /usr/local/Cellar/arm-gcc-bin/9-2020-q2-update/bin/../lib/gcc/arm-none-eabi/9.3.1/../../../../arm-none-eabi/lib/thumb/v7e-m+fp/hard/libnosys.a(write.o)

.stab           0x0000000000000000       0x9c
 .stab          0x0000000000000000       0x24 /usr/local/Cellar/arm-gcc-bin/9-2020-q2-update/bin/../lib/gcc/arm-none-eabi/9.3.1/../../../../arm-none-eabi/lib/thumb/v7e-m+fp/hard/libnosys.a(close.o)
 .stab          0x0000000000000024       0x18 /usr/local/Cellar/arm-gcc-bin/9-2020-q2-update/bin/../lib/gcc/arm-none-eabi/9.3.1/../../../../arm-none-eabi/lib/thumb/v7e-m+fp/hard/libnosys.a(fstat.o)
                                         0x24 (size before relaxing)
 .stab          0x000000000000003c       0x18 /usr/local/Cellar/arm-gcc-bin/9-2020-q2-update/bin/../lib/gcc/arm-none-eabi/9.3.1/../../../../arm-none-eabi/lib/thumb/v7e-m+fp/hard/libnosys.a(isatty.o)
                                         0x24 (size before relaxing)
 .stab          0x0000000000000054       0x18 /usr/local/Cellar/arm-gcc-bin/9-2020-q2-update/bin/../lib/gcc/arm-none-eabi/9.3.1/../../../../arm-none-eabi/lib/thumb/v7e-m+fp/hard/libnosys.a(lseek.o)
                                         0x24 (size before relaxing)
 .stab          0x000000000000006c       0x18 /usr/local/Cellar/arm-gcc-bin/9-2020-q2-update/bin/../lib/gcc/arm-none-eabi/9.3.1/../../../../arm-none-eabi/lib/thumb/v7e-m+fp/hard/libnosys.a(read.o)
                                         0x24 (size before relaxing)
 .stab          0x0000000000000084       0x18 /usr/local/Cellar/arm-gcc-bin/9-2020-q2-update/bin/../lib/gcc/arm-none-eabi/9.3.1/../../../../arm-none-eabi/lib/thumb/v7e-m+fp/hard/libnosys.a(write.o)
                                         0x24 (size before relaxing)

.stabstr        0x0000000000000000      0x14d
 .stabstr       0x0000000000000000      0x14d /usr/local/Cellar/arm-gcc-bin/9-2020-q2-update/bin/../lib/gcc/arm-none-eabi/9.3.1/../../../../arm-none-eabi/lib/thumb/v7e-m+fp/hard/libnosys.a(close.o)

Cross Reference Table

Symbol                                            File
ADC1_IRQHandler                                   build/startup_stm32f302x8.o
AHBPrescTable                                     build/system_stm32f3xx.o
                                                  build/stm32f3xx_hal_rcc.o
APBPrescTable                                     build/system_stm32f3xx.o
                                                  build/stm32f3xx_hal_rcc.o
BusFault_Handler                                  build/stm32f3xx_it.o
CAN_RX1_IRQHandler                                build/startup_stm32f302x8.o
CAN_SCE_IRQHandler                                build/startup_stm32f302x8.o
COMP2_IRQHandler                                  build/startup_stm32f302x8.o
COMP4_6_IRQHandler                                build/startup_stm32f302x8.o
DMA1_Channel1_IRQHandler                          build/startup_stm32f302x8.o
DMA1_Channel2_IRQHandler                          build/startup_stm32f302x8.o
DMA1_Channel3_IRQHandler                          build/startup_stm32f302x8.o
DMA1_Channel4_IRQHandler                          build/startup_stm32f302x8.o
DMA1_Channel5_IRQHandler                          build/startup_stm32f302x8.o
DMA1_Channel6_IRQHandler                          build/startup_stm32f302x8.o
DMA1_Channel7_IRQHandler                          build/startup_stm32f302x8.o
DebugMon_Handler                                  build/stm32f3xx_it.o
Default_Handler                                   build/startup_stm32f302x8.o
EXTI0_IRQHandler                                  build/startup_stm32f302x8.o
EXTI15_10_IRQHandler                              build/startup_stm32f302x8.o
EXTI1_IRQHandler                                  build/startup_stm32f302x8.o
EXTI2_TSC_IRQHandler                              build/startup_stm32f302x8.o
EXTI3_IRQHandler                                  build/startup_stm32f302x8.o
EXTI4_IRQHandler                                  build/startup_stm32f302x8.o
EXTI9_5_IRQHandler                                build/startup_stm32f302x8.o
Error_Handler                                     build/main.o
                                                  build/usart.o
FLASH_IRQHandler                                  build/startup_stm32f302x8.o
FLASH_PageErase                                   build/stm32f3xx_hal_flash_ex.o
                                                  build/stm32f3xx_hal_flash.o
FLASH_WaitForLastOperation                        build/stm32f3xx_hal_flash.o
                                                  build/stm32f3xx_hal_flash_ex.o
FPU_IRQHandler                                    build/startup_stm32f302x8.o
HAL_DBGMCU_DisableDBGSleepMode                    build/stm32f3xx_hal.o
HAL_DBGMCU_DisableDBGStandbyMode                  build/stm32f3xx_hal.o
HAL_DBGMCU_DisableDBGStopMode                     build/stm32f3xx_hal.o
HAL_DBGMCU_EnableDBGSleepMode                     build/stm32f3xx_hal.o
HAL_DBGMCU_EnableDBGStandbyMode                   build/stm32f3xx_hal.o
HAL_DBGMCU_EnableDBGStopMode                      build/stm32f3xx_hal.o
HAL_DMA_Abort                                     build/stm32f3xx_hal_dma.o
                                                  build/stm32f3xx_hal_uart.o
HAL_DMA_Abort_IT                                  build/stm32f3xx_hal_dma.o
                                                  build/stm32f3xx_hal_uart.o
                                                  build/stm32f3xx_hal_i2c.o
HAL_DMA_DeInit                                    build/stm32f3xx_hal_dma.o
HAL_DMA_GetError                                  build/stm32f3xx_hal_dma.o
                                                  build/stm32f3xx_hal_uart.o
HAL_DMA_GetState                                  build/stm32f3xx_hal_dma.o
                                                  build/stm32f3xx_hal_i2c.o
HAL_DMA_IRQHandler                                build/stm32f3xx_hal_dma.o
HAL_DMA_Init                                      build/stm32f3xx_hal_dma.o
HAL_DMA_PollForTransfer                           build/stm32f3xx_hal_dma.o
HAL_DMA_RegisterCallback                          build/stm32f3xx_hal_dma.o
HAL_DMA_Start                                     build/stm32f3xx_hal_dma.o
HAL_DMA_Start_IT                                  build/stm32f3xx_hal_dma.o
                                                  build/stm32f3xx_hal_uart.o
                                                  build/stm32f3xx_hal_i2c.o
HAL_DMA_UnRegisterCallback                        build/stm32f3xx_hal_dma.o
HAL_DeInit                                        build/stm32f3xx_hal.o
HAL_Delay                                         build/stm32f3xx_hal.o
HAL_EXTI_ClearConfigLine                          build/stm32f3xx_hal_exti.o
HAL_EXTI_ClearPending                             build/stm32f3xx_hal_exti.o
HAL_EXTI_GenerateSWI                              build/stm32f3xx_hal_exti.o
HAL_EXTI_GetConfigLine                            build/stm32f3xx_hal_exti.o
HAL_EXTI_GetHandle                                build/stm32f3xx_hal_exti.o
HAL_EXTI_GetPending                               build/stm32f3xx_hal_exti.o
HAL_EXTI_IRQHandler                               build/stm32f3xx_hal_exti.o
HAL_EXTI_RegisterCallback                         build/stm32f3xx_hal_exti.o
HAL_EXTI_SetConfigLine                            build/stm32f3xx_hal_exti.o
HAL_FLASHEx_Erase                                 build/stm32f3xx_hal_flash_ex.o
HAL_FLASHEx_Erase_IT                              build/stm32f3xx_hal_flash_ex.o
HAL_FLASHEx_OBErase                               build/stm32f3xx_hal_flash_ex.o
HAL_FLASHEx_OBGetConfig                           build/stm32f3xx_hal_flash_ex.o
HAL_FLASHEx_OBGetUserData                         build/stm32f3xx_hal_flash_ex.o
HAL_FLASHEx_OBProgram                             build/stm32f3xx_hal_flash_ex.o
HAL_FLASH_EndOfOperationCallback                  build/stm32f3xx_hal_flash.o
HAL_FLASH_GetError                                build/stm32f3xx_hal_flash.o
HAL_FLASH_IRQHandler                              build/stm32f3xx_hal_flash.o
HAL_FLASH_Lock                                    build/stm32f3xx_hal_flash.o
HAL_FLASH_OB_Launch                               build/stm32f3xx_hal_flash.o
HAL_FLASH_OB_Lock                                 build/stm32f3xx_hal_flash.o
HAL_FLASH_OB_Unlock                               build/stm32f3xx_hal_flash.o
HAL_FLASH_OperationErrorCallback                  build/stm32f3xx_hal_flash.o
HAL_FLASH_Program                                 build/stm32f3xx_hal_flash.o
HAL_FLASH_Program_IT                              build/stm32f3xx_hal_flash.o
HAL_FLASH_Unlock                                  build/stm32f3xx_hal_flash.o
HAL_GPIO_DeInit                                   build/stm32f3xx_hal_gpio.o
                                                  build/usart.o
HAL_GPIO_EXTI_Callback                            build/stm32f3xx_hal_gpio.o
HAL_GPIO_EXTI_IRQHandler                          build/stm32f3xx_hal_gpio.o
HAL_GPIO_Init                                     build/stm32f3xx_hal_gpio.o
                                                  build/stm32f3xx_hal_rcc.o
                                                  build/usart.o
                                                  build/gpio.o
HAL_GPIO_LockPin                                  build/stm32f3xx_hal_gpio.o
HAL_GPIO_ReadPin                                  build/stm32f3xx_hal_gpio.o
HAL_GPIO_TogglePin                                build/stm32f3xx_hal_gpio.o
HAL_GPIO_WritePin                                 build/stm32f3xx_hal_gpio.o
                                                  build/gpio.o
HAL_GetDEVID                                      build/stm32f3xx_hal.o
HAL_GetHalVersion                                 build/stm32f3xx_hal.o
HAL_GetREVID                                      build/stm32f3xx_hal.o
HAL_GetTick                                       build/stm32f3xx_hal.o
                                                  build/stm32f3xx_hal_uart_ex.o
                                                  build/stm32f3xx_hal_uart.o
                                                  build/stm32f3xx_hal_rcc_ex.o
                                                  build/stm32f3xx_hal_rcc.o
                                                  build/stm32f3xx_hal_i2c.o
                                                  build/stm32f3xx_hal_flash.o
                                                  build/stm32f3xx_hal_dma.o
HAL_GetTickFreq                                   build/stm32f3xx_hal.o
HAL_GetTickPrio                                   build/stm32f3xx_hal.o
HAL_GetUIDw0                                      build/stm32f3xx_hal.o
HAL_GetUIDw1                                      build/stm32f3xx_hal.o
HAL_GetUIDw2                                      build/stm32f3xx_hal.o
HAL_HalfDuplex_EnableReceiver                     build/stm32f3xx_hal_uart.o
HAL_HalfDuplex_EnableTransmitter                  build/stm32f3xx_hal_uart.o
HAL_HalfDuplex_Init                               build/stm32f3xx_hal_uart.o
HAL_I2CEx_ConfigAnalogFilter                      build/stm32f3xx_hal_i2c_ex.o
HAL_I2CEx_ConfigDigitalFilter                     build/stm32f3xx_hal_i2c_ex.o
HAL_I2CEx_DisableFastModePlus                     build/stm32f3xx_hal_i2c_ex.o
HAL_I2CEx_DisableWakeUp                           build/stm32f3xx_hal_i2c_ex.o
HAL_I2CEx_EnableFastModePlus                      build/stm32f3xx_hal_i2c_ex.o
HAL_I2CEx_EnableWakeUp                            build/stm32f3xx_hal_i2c_ex.o
HAL_I2C_AbortCpltCallback                         build/stm32f3xx_hal_i2c.o
HAL_I2C_AddrCallback                              build/stm32f3xx_hal_i2c.o
HAL_I2C_DeInit                                    build/stm32f3xx_hal_i2c.o
HAL_I2C_DisableListen_IT                          build/stm32f3xx_hal_i2c.o
HAL_I2C_ER_IRQHandler                             build/stm32f3xx_hal_i2c.o
HAL_I2C_EV_IRQHandler                             build/stm32f3xx_hal_i2c.o
HAL_I2C_EnableListen_IT                           build/stm32f3xx_hal_i2c.o
HAL_I2C_ErrorCallback                             build/stm32f3xx_hal_i2c.o
HAL_I2C_GetError                                  build/stm32f3xx_hal_i2c.o
HAL_I2C_GetMode                                   build/stm32f3xx_hal_i2c.o
HAL_I2C_GetState                                  build/stm32f3xx_hal_i2c.o
HAL_I2C_Init                                      build/stm32f3xx_hal_i2c.o
HAL_I2C_IsDeviceReady                             build/stm32f3xx_hal_i2c.o
HAL_I2C_ListenCpltCallback                        build/stm32f3xx_hal_i2c.o
HAL_I2C_MasterRxCpltCallback                      build/stm32f3xx_hal_i2c.o
HAL_I2C_MasterTxCpltCallback                      build/stm32f3xx_hal_i2c.o
HAL_I2C_Master_Abort_IT                           build/stm32f3xx_hal_i2c.o
HAL_I2C_Master_Receive                            build/stm32f3xx_hal_i2c.o
HAL_I2C_Master_Receive_DMA                        build/stm32f3xx_hal_i2c.o
HAL_I2C_Master_Receive_IT                         build/stm32f3xx_hal_i2c.o
HAL_I2C_Master_Seq_Receive_DMA                    build/stm32f3xx_hal_i2c.o
HAL_I2C_Master_Seq_Receive_IT                     build/stm32f3xx_hal_i2c.o
HAL_I2C_Master_Seq_Transmit_DMA                   build/stm32f3xx_hal_i2c.o
HAL_I2C_Master_Seq_Transmit_IT                    build/stm32f3xx_hal_i2c.o
HAL_I2C_Master_Transmit                           build/stm32f3xx_hal_i2c.o
HAL_I2C_Master_Transmit_DMA                       build/stm32f3xx_hal_i2c.o
HAL_I2C_Master_Transmit_IT                        build/stm32f3xx_hal_i2c.o
HAL_I2C_MemRxCpltCallback                         build/stm32f3xx_hal_i2c.o
HAL_I2C_MemTxCpltCallback                         build/stm32f3xx_hal_i2c.o
HAL_I2C_Mem_Read                                  build/stm32f3xx_hal_i2c.o
HAL_I2C_Mem_Read_DMA                              build/stm32f3xx_hal_i2c.o
HAL_I2C_Mem_Read_IT                               build/stm32f3xx_hal_i2c.o
HAL_I2C_Mem_Write                                 build/stm32f3xx_hal_i2c.o
HAL_I2C_Mem_Write_DMA                             build/stm32f3xx_hal_i2c.o
HAL_I2C_Mem_Write_IT                              build/stm32f3xx_hal_i2c.o
HAL_I2C_MspDeInit                                 build/stm32f3xx_hal_i2c.o
HAL_I2C_MspInit                                   build/stm32f3xx_hal_i2c.o
HAL_I2C_SlaveRxCpltCallback                       build/stm32f3xx_hal_i2c.o
HAL_I2C_SlaveTxCpltCallback                       build/stm32f3xx_hal_i2c.o
HAL_I2C_Slave_Receive                             build/stm32f3xx_hal_i2c.o
HAL_I2C_Slave_Receive_DMA                         build/stm32f3xx_hal_i2c.o
HAL_I2C_Slave_Receive_IT                          build/stm32f3xx_hal_i2c.o
HAL_I2C_Slave_Seq_Receive_DMA                     build/stm32f3xx_hal_i2c.o
HAL_I2C_Slave_Seq_Receive_IT                      build/stm32f3xx_hal_i2c.o
HAL_I2C_Slave_Seq_Transmit_DMA                    build/stm32f3xx_hal_i2c.o
HAL_I2C_Slave_Seq_Transmit_IT                     build/stm32f3xx_hal_i2c.o
HAL_I2C_Slave_Transmit                            build/stm32f3xx_hal_i2c.o
HAL_I2C_Slave_Transmit_DMA                        build/stm32f3xx_hal_i2c.o
HAL_I2C_Slave_Transmit_IT                         build/stm32f3xx_hal_i2c.o
HAL_IncTick                                       build/stm32f3xx_hal.o
                                                  build/stm32f3xx_it.o
HAL_Init                                          build/stm32f3xx_hal.o
                                                  build/main.o
HAL_InitTick                                      build/stm32f3xx_hal.o
                                                  build/stm32f3xx_hal_rcc.o
HAL_LIN_Init                                      build/stm32f3xx_hal_uart.o
HAL_LIN_SendBreak                                 build/stm32f3xx_hal_uart.o
HAL_MspDeInit                                     build/stm32f3xx_hal.o
HAL_MspInit                                       build/stm32f3xx_hal_msp.o
HAL_MultiProcessorEx_AddressLength_Set            build/stm32f3xx_hal_uart_ex.o
HAL_MultiProcessor_DisableMuteMode                build/stm32f3xx_hal_uart.o
HAL_MultiProcessor_EnableMuteMode                 build/stm32f3xx_hal_uart.o
HAL_MultiProcessor_EnterMuteMode                  build/stm32f3xx_hal_uart.o
HAL_MultiProcessor_Init                           build/stm32f3xx_hal_uart.o
HAL_NVIC_ClearPendingIRQ                          build/stm32f3xx_hal_cortex.o
HAL_NVIC_DisableIRQ                               build/stm32f3xx_hal_cortex.o
HAL_NVIC_EnableIRQ                                build/stm32f3xx_hal_cortex.o
HAL_NVIC_GetActive                                build/stm32f3xx_hal_cortex.o
HAL_NVIC_GetPendingIRQ                            build/stm32f3xx_hal_cortex.o
HAL_NVIC_GetPriority                              build/stm32f3xx_hal_cortex.o
HAL_NVIC_GetPriorityGrouping                      build/stm32f3xx_hal_cortex.o
HAL_NVIC_SetPendingIRQ                            build/stm32f3xx_hal_cortex.o
HAL_NVIC_SetPriority                              build/stm32f3xx_hal_cortex.o
                                                  build/stm32f3xx_hal.o
HAL_NVIC_SetPriorityGrouping                      build/stm32f3xx_hal_cortex.o
                                                  build/stm32f3xx_hal.o
                                                  build/stm32f3xx_hal_msp.o
HAL_NVIC_SystemReset                              build/stm32f3xx_hal_cortex.o
HAL_PWR_ConfigPVD                                 build/stm32f3xx_hal_pwr_ex.o
HAL_PWR_DeInit                                    build/stm32f3xx_hal_pwr.o
HAL_PWR_DisableBkUpAccess                         build/stm32f3xx_hal_pwr.o
HAL_PWR_DisablePVD                                build/stm32f3xx_hal_pwr_ex.o
HAL_PWR_DisableSEVOnPend                          build/stm32f3xx_hal_pwr.o
HAL_PWR_DisableSleepOnExit                        build/stm32f3xx_hal_pwr.o
HAL_PWR_DisableWakeUpPin                          build/stm32f3xx_hal_pwr.o
HAL_PWR_EnableBkUpAccess                          build/stm32f3xx_hal_pwr.o
HAL_PWR_EnablePVD                                 build/stm32f3xx_hal_pwr_ex.o
HAL_PWR_EnableSEVOnPend                           build/stm32f3xx_hal_pwr.o
HAL_PWR_EnableSleepOnExit                         build/stm32f3xx_hal_pwr.o
HAL_PWR_EnableWakeUpPin                           build/stm32f3xx_hal_pwr.o
HAL_PWR_EnterSLEEPMode                            build/stm32f3xx_hal_pwr.o
HAL_PWR_EnterSTANDBYMode                          build/stm32f3xx_hal_pwr.o
HAL_PWR_EnterSTOPMode                             build/stm32f3xx_hal_pwr.o
HAL_PWR_PVDCallback                               build/stm32f3xx_hal_pwr_ex.o
HAL_PWR_PVD_IRQHandler                            build/stm32f3xx_hal_pwr_ex.o
HAL_RCCEx_GetPeriphCLKConfig                      build/stm32f3xx_hal_rcc_ex.o
HAL_RCCEx_GetPeriphCLKFreq                        build/stm32f3xx_hal_rcc_ex.o
HAL_RCCEx_PeriphCLKConfig                         build/stm32f3xx_hal_rcc_ex.o
HAL_RCC_CSSCallback                               build/stm32f3xx_hal_rcc.o
HAL_RCC_ClockConfig                               build/stm32f3xx_hal_rcc.o
                                                  build/main.o
HAL_RCC_DeInit                                    build/stm32f3xx_hal_rcc.o
HAL_RCC_DisableCSS                                build/stm32f3xx_hal_rcc.o
HAL_RCC_EnableCSS                                 build/stm32f3xx_hal_rcc.o
HAL_RCC_GetClockConfig                            build/stm32f3xx_hal_rcc.o
HAL_RCC_GetHCLKFreq                               build/stm32f3xx_hal_rcc.o
HAL_RCC_GetOscConfig                              build/stm32f3xx_hal_rcc.o
HAL_RCC_GetPCLK1Freq                              build/stm32f3xx_hal_rcc.o
                                                  build/stm32f3xx_hal_uart.o
                                                  build/stm32f3xx_hal_rcc_ex.o
HAL_RCC_GetPCLK2Freq                              build/stm32f3xx_hal_rcc.o
                                                  build/stm32f3xx_hal_uart.o
HAL_RCC_GetSysClockFreq                           build/stm32f3xx_hal_rcc.o
                                                  build/stm32f3xx_hal_uart.o
                                                  build/stm32f3xx_hal_rcc_ex.o
HAL_RCC_MCOConfig                                 build/stm32f3xx_hal_rcc.o
HAL_RCC_NMI_IRQHandler                            build/stm32f3xx_hal_rcc.o
HAL_RCC_OscConfig                                 build/stm32f3xx_hal_rcc.o
                                                  build/main.o
HAL_RS485Ex_Init                                  build/stm32f3xx_hal_uart_ex.o
HAL_ResumeTick                                    build/stm32f3xx_hal.o
HAL_SYSTICK_CLKSourceConfig                       build/stm32f3xx_hal_cortex.o
HAL_SYSTICK_Callback                              build/stm32f3xx_hal_cortex.o
HAL_SYSTICK_Config                                build/stm32f3xx_hal_cortex.o
                                                  build/stm32f3xx_hal.o
HAL_SYSTICK_IRQHandler                            build/stm32f3xx_hal_cortex.o
HAL_SetTickFreq                                   build/stm32f3xx_hal.o
HAL_SuspendTick                                   build/stm32f3xx_hal.o
HAL_UARTEx_DisableStopMode                        build/stm32f3xx_hal_uart_ex.o
HAL_UARTEx_EnableStopMode                         build/stm32f3xx_hal_uart_ex.o
HAL_UARTEx_StopModeWakeUpSourceConfig             build/stm32f3xx_hal_uart_ex.o
HAL_UARTEx_WakeupCallback                         build/stm32f3xx_hal_uart_ex.o
                                                  build/stm32f3xx_hal_uart.o
HAL_UART_Abort                                    build/stm32f3xx_hal_uart.o
HAL_UART_AbortCpltCallback                        build/stm32f3xx_hal_uart.o
HAL_UART_AbortReceive                             build/stm32f3xx_hal_uart.o
HAL_UART_AbortReceiveCpltCallback                 build/stm32f3xx_hal_uart.o
HAL_UART_AbortReceive_IT                          build/stm32f3xx_hal_uart.o
HAL_UART_AbortTransmit                            build/stm32f3xx_hal_uart.o
HAL_UART_AbortTransmitCpltCallback                build/stm32f3xx_hal_uart.o
HAL_UART_AbortTransmit_IT                         build/stm32f3xx_hal_uart.o
HAL_UART_Abort_IT                                 build/stm32f3xx_hal_uart.o
HAL_UART_DMAPause                                 build/stm32f3xx_hal_uart.o
HAL_UART_DMAResume                                build/stm32f3xx_hal_uart.o
HAL_UART_DMAStop                                  build/stm32f3xx_hal_uart.o
HAL_UART_DeInit                                   build/stm32f3xx_hal_uart.o
HAL_UART_DisableReceiverTimeout                   build/stm32f3xx_hal_uart.o
HAL_UART_EnableReceiverTimeout                    build/stm32f3xx_hal_uart.o
HAL_UART_ErrorCallback                            build/stm32f3xx_hal_uart.o
HAL_UART_GetError                                 build/stm32f3xx_hal_uart.o
HAL_UART_GetState                                 build/stm32f3xx_hal_uart.o
HAL_UART_IRQHandler                               build/stm32f3xx_hal_uart.o
HAL_UART_Init                                     build/stm32f3xx_hal_uart.o
                                                  build/usart.o
HAL_UART_MspDeInit                                build/usart.o
HAL_UART_MspInit                                  build/usart.o
                                                  build/stm32f3xx_hal_uart_ex.o
HAL_UART_Receive                                  build/stm32f3xx_hal_uart.o
HAL_UART_Receive_DMA                              build/stm32f3xx_hal_uart.o
HAL_UART_Receive_IT                               build/stm32f3xx_hal_uart.o
HAL_UART_ReceiverTimeout_Config                   build/stm32f3xx_hal_uart.o
HAL_UART_RxCpltCallback                           build/stm32f3xx_hal_uart.o
HAL_UART_RxHalfCpltCallback                       build/stm32f3xx_hal_uart.o
HAL_UART_Transmit                                 build/stm32f3xx_hal_uart.o
HAL_UART_Transmit_DMA                             build/stm32f3xx_hal_uart.o
HAL_UART_Transmit_IT                              build/stm32f3xx_hal_uart.o
HAL_UART_TxCpltCallback                           build/stm32f3xx_hal_uart.o
HAL_UART_TxHalfCpltCallback                       build/stm32f3xx_hal_uart.o
HardFault_Handler                                 build/stm32f3xx_it.o
I2C1_ER_IRQHandler                                build/startup_stm32f302x8.o
I2C1_EV_IRQHandler                                build/startup_stm32f302x8.o
I2C2_ER_IRQHandler                                build/startup_stm32f302x8.o
I2C2_EV_IRQHandler                                build/startup_stm32f302x8.o
I2C3_ER_IRQHandler                                build/startup_stm32f302x8.o
I2C3_EV_IRQHandler                                build/startup_stm32f302x8.o
MX_GPIO_Init                                      build/gpio.o
                                                  build/main.o
MX_USART2_UART_Init                               build/usart.o
                                                  build/main.o
MemManage_Handler                                 build/stm32f3xx_it.o
NMI_Handler                                       build/stm32f3xx_it.o
PVD_IRQHandler                                    build/startup_stm32f302x8.o
PendSV_Handler                                    build/stm32f3xx_it.o
RCC_IRQHandler                                    build/startup_stm32f302x8.o
RTC_Alarm_IRQHandler                              build/startup_stm32f302x8.o
RTC_WKUP_IRQHandler                               build/startup_stm32f302x8.o
Reset_Handler                                     build/startup_stm32f302x8.o
SPI2_IRQHandler                                   build/startup_stm32f302x8.o
SPI3_IRQHandler                                   build/startup_stm32f302x8.o
SVC_Handler                                       build/stm32f3xx_it.o
SysTick_Handler                                   build/stm32f3xx_it.o
SystemClock_Config                                build/main.o
SystemCoreClock                                   build/system_stm32f3xx.o
                                                  build/stm32f3xx_hal_rcc_ex.o
                                                  build/stm32f3xx_hal_rcc.o
                                                  build/stm32f3xx_hal.o
SystemCoreClockUpdate                             build/system_stm32f3xx.o
SystemInit                                        build/system_stm32f3xx.o
                                                  build/startup_stm32f302x8.o
TAMP_STAMP_IRQHandler                             build/startup_stm32f302x8.o
TIM1_BRK_TIM15_IRQHandler                         build/startup_stm32f302x8.o
TIM1_CC_IRQHandler                                build/startup_stm32f302x8.o
TIM1_TRG_COM_TIM17_IRQHandler                     build/startup_stm32f302x8.o
TIM1_UP_TIM16_IRQHandler                          build/startup_stm32f302x8.o
TIM2_IRQHandler                                   build/startup_stm32f302x8.o
TIM6_DAC_IRQHandler                               build/startup_stm32f302x8.o
UART_AdvFeatureConfig                             build/stm32f3xx_hal_uart.o
                                                  build/stm32f3xx_hal_uart_ex.o
UART_CheckIdleState                               build/stm32f3xx_hal_uart.o
                                                  build/stm32f3xx_hal_uart_ex.o
UART_SetConfig                                    build/stm32f3xx_hal_uart.o
                                                  build/stm32f3xx_hal_uart_ex.o
UART_WaitOnFlagUntilTimeout                       build/stm32f3xx_hal_uart.o
                                                  build/stm32f3xx_hal_uart_ex.o
USART1_IRQHandler                                 build/startup_stm32f302x8.o
USART2_IRQHandler                                 build/startup_stm32f302x8.o
USART3_IRQHandler                                 build/startup_stm32f302x8.o
USBWakeUp_IRQHandler                              build/startup_stm32f302x8.o
USBWakeUp_RMP_IRQHandler                          build/startup_stm32f302x8.o
USB_HP_CAN_TX_IRQHandler                          build/startup_stm32f302x8.o
USB_HP_IRQHandler                                 build/startup_stm32f302x8.o
USB_LP_CAN_RX0_IRQHandler                         build/startup_stm32f302x8.o
USB_LP_IRQHandler                                 build/startup_stm32f302x8.o
UsageFault_Handler                                build/stm32f3xx_it.o
WWDG_IRQHandler                                   build/startup_stm32f302x8.o
__atexit_recursive_mutex                          /usr/local/Cellar/arm-gcc-bin/9-2020-q2-update/bin/../lib/gcc/arm-none-eabi/9.3.1/../../../../arm-none-eabi/lib/thumb/v7e-m+fp/hard/libc.a(lib_a-__call_atexit.o)
                                                  /usr/local/Cellar/arm-gcc-bin/9-2020-q2-update/bin/../lib/gcc/arm-none-eabi/9.3.1/../../../../arm-none-eabi/lib/thumb/v7e-m+fp/hard/libc.a(lib_a-__atexit.o)
__bss_end__                                       /usr/local/Cellar/arm-gcc-bin/9-2020-q2-update/bin/../lib/gcc/arm-none-eabi/9.3.1/../../../../arm-none-eabi/lib/thumb/v7e-m+fp/hard/crt0.o
__bss_start__                                     /usr/local/Cellar/arm-gcc-bin/9-2020-q2-update/bin/../lib/gcc/arm-none-eabi/9.3.1/../../../../arm-none-eabi/lib/thumb/v7e-m+fp/hard/crt0.o
__call_exitprocs                                  /usr/local/Cellar/arm-gcc-bin/9-2020-q2-update/bin/../lib/gcc/arm-none-eabi/9.3.1/../../../../arm-none-eabi/lib/thumb/v7e-m+fp/hard/libc.a(lib_a-__call_atexit.o)
                                                  /usr/local/Cellar/arm-gcc-bin/9-2020-q2-update/bin/../lib/gcc/arm-none-eabi/9.3.1/../../../../arm-none-eabi/lib/thumb/v7e-m+fp/hard/libc.a(lib_a-exit.o)
__deregister_frame_info                           /usr/local/Cellar/arm-gcc-bin/9-2020-q2-update/bin/../lib/gcc/arm-none-eabi/9.3.1/thumb/v7e-m+fp/hard/crtbegin.o
__dso_handle                                      /usr/local/Cellar/arm-gcc-bin/9-2020-q2-update/bin/../lib/gcc/arm-none-eabi/9.3.1/thumb/v7e-m+fp/hard/crtbegin.o
__fini_array_end                                  /usr/local/Cellar/arm-gcc-bin/9-2020-q2-update/bin/../lib/gcc/arm-none-eabi/9.3.1/../../../../arm-none-eabi/lib/thumb/v7e-m+fp/hard/libc.a(lib_a-fini.o)
__fini_array_start                                /usr/local/Cellar/arm-gcc-bin/9-2020-q2-update/bin/../lib/gcc/arm-none-eabi/9.3.1/../../../../arm-none-eabi/lib/thumb/v7e-m+fp/hard/libc.a(lib_a-fini.o)
__fp_lock_all                                     /usr/local/Cellar/arm-gcc-bin/9-2020-q2-update/bin/../lib/gcc/arm-none-eabi/9.3.1/../../../../arm-none-eabi/lib/thumb/v7e-m+fp/hard/libc.a(lib_a-findfp.o)
__fp_unlock_all                                   /usr/local/Cellar/arm-gcc-bin/9-2020-q2-update/bin/../lib/gcc/arm-none-eabi/9.3.1/../../../../arm-none-eabi/lib/thumb/v7e-m+fp/hard/libc.a(lib_a-findfp.o)
__init_array_end                                  /usr/local/Cellar/arm-gcc-bin/9-2020-q2-update/bin/../lib/gcc/arm-none-eabi/9.3.1/../../../../arm-none-eabi/lib/thumb/v7e-m+fp/hard/libc.a(lib_a-init.o)